<html>
<body>
<pre>
<h1>µVision Build Log</h1>
<h2>Tool Versions:</h2>
IDE-Version: ¦ÌVision V5.38.0.0
Copyright (C) 2022 ARM Ltd and ARM Germany GmbH. All rights reserved.
License Information: 2qdw zhangyida, ehd, LIC=GMZI6-DHMGP-8TV3P-MK5BJ-WZZP8-JQWFD
 
Tool Versions:
Toolchain:       MDK-ARM Plus  Version: 5.38.0.0
Toolchain Path:  C:\_zhangyidaFiles\C03_Applications\Keil_v5\APPFiles\ARM\ARMCC\Bin
C Compiler:      Armcc.exe V5.06 update 7 (build 960)
Assembler:       Armasm.exe V5.06 update 7 (build 960)
Linker/Locator:  ArmLink.exe V5.06 update 7 (build 960)
Library Manager: ArmAr.exe V5.06 update 7 (build 960)
Hex Converter:   FromElf.exe V5.06 update 7 (build 960)
CPU DLL:         SARMCM3.DLL V5.38.0.0
Dialog DLL:      DCM.DLL V1.17.5.0
Target DLL:      CMSIS_AGDI.dll V1.33.15.0
Dialog DLL:      TCM.DLL V1.56.4.0
 
<h2>Project:</h2>
C:\Users\zhangyida\Desktop\006_STM32F4\projects\250625_LL_OLED\Template.uvprojx
Project File Date:  06/25/2025

<h2>Output:</h2>
*** Using Compiler 'V5.06 update 7 (build 960)', folder: 'C:\_zhangyidaFiles\C03_Applications\Keil_v5\APPFiles\ARM\ARMCC\Bin'
Rebuild target 'Target 1'
compiling stm32f4xx_it.c...
compiling stm32f4xx_adc.c...
compiling stm32f4xx_crc.c...
compiling stm32f4xx_cryp_tdes.c...
compiling stm32f4xx_can.c...
compiling stm32f4xx_cec.c...
compiling stm32f4xx_dbgmcu.c...
compiling stm32f4xx_cryp_des.c...
compiling misc.c...
compiling stm32f4xx_dac.c...
compiling stm32f4xx_cryp.c...
compiling stm32f4xx_cryp_aes.c...
compiling stm32f4xx_dcmi.c...
compiling stm32f4xx_dma.c...
compiling stm32f4xx_exti.c...
compiling stm32f4xx_dma2d.c...
compiling stm32f4xx_flash_ramfunc.c...
compiling stm32f4xx_fmpi2c.c...
compiling stm32f4xx_flash.c...
compiling stm32f4xx_gpio.c...
compiling stm32f4xx_hash_md5.c...
compiling stm32f4xx_hash.c...
compiling stm32f4xx_hash_sha1.c...
compiling stm32f4xx_iwdg.c...
compiling stm32f4xx_i2c.c...
compiling stm32f4xx_ltdc.c...
compiling stm32f4xx_pwr.c...
compiling stm32f4xx_qspi.c...
compiling stm32f4xx_rng.c...
compiling stm32f4xx_rcc.c...
compiling stm32f4xx_sai.c...
compiling stm32f4xx_rtc.c...
assembling startup_stm32f40_41xxx.s...
compiling stm32f4xx_sdio.c...
compiling stm32f4xx_spdifrx.c...
compiling stm32f4xx_spi.c...
compiling stm32f4xx_syscfg.c...
compiling stm32f4xx_usart.c...
compiling stm32f4xx_tim.c...
compiling stm32f4xx_wwdg.c...
compiling system_stm32f4xx.c...
compiling delay.c...
compiling system.c...
compiling led.c...
compiling key.c...
compiling OLED.c...
compiling main.c...
linking...
Program Size: Code=1740 RO-data=424 RW-data=1524 ZI-data=1028  
FromELF: creating hex file...
".\Obj\Template.axf" - 0 Error(s), 0 Warning(s).

<h2>Software Packages used:</h2>

Package Vendor: Keil
                https://www.keil.com/pack/Keil.STM32F4xx_DFP.2.17.1.pack
                Keil.STM32F4xx_DFP.2.17.1
                STMicroelectronics STM32F4 Series Device Support, Drivers and Examples

<h2>Collection of Component include folders:</h2>
  C:/_zhangyidaFiles/C03_Applications/Keil_v5/Arm/Packs/Keil/STM32F4xx_DFP/2.17.1/Drivers/CMSIS/Device/ST/STM32F4xx/Include

<h2>Collection of Component Files used:</h2>
Build Time Elapsed:  00:00:05
</pre>
</body>
</html>
