<html>
<body>
<pre>
<h1>µVision Build Log</h1>
<h2>Tool Versions:</h2>
IDE-Version: ¦ÌVision V5.38.0.0
Copyright (C) 2022 ARM Ltd and ARM Germany GmbH. All rights reserved.
License Information: 2qdw zhangyida, ehd, LIC=GMZI6-DHMGP-8TV3P-MK5BJ-WZZP8-JQWFD
 
Tool Versions:
Toolchain:       MDK-ARM Plus  Version: 5.38.0.0
Toolchain Path:  C:\_zhangyidaFiles\C03_Applications\Keil_v5\APPFiles\ARM\ARMCLANG\Bin
C Compiler:      ArmClang.exe V6.19
Assembler:       Armasm.exe V6.19
Linker/Locator:  ArmLink.exe V6.19
Library Manager: ArmAr.exe V6.19
Hex Converter:   FromElf.exe V6.19
CPU DLL:         SARMCM3.DLL V5.38.0.0
Dialog DLL:      DCM.DLL V1.17.5.0
Target DLL:      CMSIS_AGDI.dll V1.33.15.0
Dialog DLL:      TCM.DLL V1.56.4.0
 
<h2>Project:</h2>
C:\_zhangyidaFiles\C02_Study\200_Programming\Resources\006_STM32F4\projects\250531_6_RegisterTemplate\Template.uvprojx
Project File Date:  05/31/2025

<h2>Output:</h2>
*** Using Compiler 'V6.19', folder: 'C:\_zhangyidaFiles\C03_Applications\Keil_v5\APPFiles\ARM\ARMCLANG\Bin'
Rebuild target 'Target 1'
User/main.c(3): warning: no previous prototype for function 'SystemInit' [-Wmissing-prototypes]
void SystemInit(void)
     ^
User/main.c(3): note: declare 'static' if the function is not intended to be used outside of this translation unit
void SystemInit(void)
^
static 
User/main.c(8): warning: a function declaration without a prototype is deprecated in all versions of C [-Wstrict-prototypes]
int main()
        ^
         void
2 warnings generated.
compiling main.c...
assembling startup_stm32f40_41xxx.s...
linking...
Program Size: Code=132 RO-data=408 RW-data=0 ZI-data=1024  
FromELF: creating hex file...
".\Objects\Template.axf" - 0 Error(s), 2 Warning(s).

<h2>Software Packages used:</h2>

Package Vendor: Keil
                https://www.keil.com/pack/Keil.STM32F4xx_DFP.2.17.1.pack
                Keil.STM32F4xx_DFP.2.17.1
                STMicroelectronics STM32F4 Series Device Support, Drivers and Examples

<h2>Collection of Component include folders:</h2>
  C:/_zhangyidaFiles/C03_Applications/Keil_v5/Arm/Packs/Keil/STM32F4xx_DFP/2.17.1/Drivers/CMSIS/Device/ST/STM32F4xx/Include

<h2>Collection of Component Files used:</h2>
Build Time Elapsed:  00:00:00
</pre>
</body>
</html>
