Component: ARM Compiler 5.06 update 7 (build 960) Tool: armlink [4d3601]

==============================================================================

Section Cross References

    startup_stm32f407xx.o(RESET) refers to startup_stm32f407xx.o(STACK) for __initial_sp
    startup_stm32f407xx.o(RESET) refers to startup_stm32f407xx.o(.text) for Reset_Handler
    startup_stm32f407xx.o(RESET) refers to stm32f4xx_it.o(i.NMI_Handler) for NMI_Handler
    startup_stm32f407xx.o(RESET) refers to stm32f4xx_it.o(i.HardFault_Handler) for HardFault_Handler
    startup_stm32f407xx.o(RESET) refers to stm32f4xx_it.o(i.MemManage_Handler) for MemManage_Handler
    startup_stm32f407xx.o(RESET) refers to stm32f4xx_it.o(i.BusFault_Handler) for BusFault_Handler
    startup_stm32f407xx.o(RESET) refers to stm32f4xx_it.o(i.UsageFault_Handler) for UsageFault_Handler
    startup_stm32f407xx.o(RESET) refers to stm32f4xx_it.o(i.SVC_Handler) for SVC_Handler
    startup_stm32f407xx.o(RESET) refers to stm32f4xx_it.o(i.DebugMon_Handler) for DebugMon_Handler
    startup_stm32f407xx.o(RESET) refers to stm32f4xx_it.o(i.PendSV_Handler) for PendSV_Handler
    startup_stm32f407xx.o(RESET) refers to stm32f4xx_it.o(i.SysTick_Handler) for SysTick_Handler
    startup_stm32f407xx.o(RESET) refers to usart.o(i.USART1_IRQHandler) for USART1_IRQHandler
    startup_stm32f407xx.o(.text) refers to system_stm32f4xx.o(i.SystemInit) for SystemInit
    startup_stm32f407xx.o(.text) refers to entry.o(.ARM.Collect$$$$00000000) for __main
    main.o(i.Show_Cities) refers to oled.o(i.OLED_ShowString) for OLED_ShowString
    main.o(i.Show_Cities) refers to oled.o(i.OLED_Clear) for OLED_Clear
    main.o(i.Show_Cities) refers to main.o(.data) for LevelID
    main.o(i.Show_Provinces) refers to oled.o(i.OLED_ShowString) for OLED_ShowString
    main.o(i.Show_Provinces) refers to main.o(.data) for LevelID
    main.o(i.main) refers to stm32f4xx_hal.o(i.HAL_Init) for HAL_Init
    main.o(i.main) refers to sys.o(i.sys_stm32_clock_init) for sys_stm32_clock_init
    main.o(i.main) refers to delay.o(i.delay_init) for delay_init
    main.o(i.main) refers to usart.o(i.usart_init) for usart_init
    main.o(i.main) refers to oled.o(i.OLED_Init) for OLED_Init
    main.o(i.main) refers to key.o(i.Key1_HasBeenClicked) for Key1_HasBeenClicked
    main.o(i.main) refers to oled.o(i.OLED_ShowString) for OLED_ShowString
    main.o(i.main) refers to key.o(i.Key2_HasBeenClicked) for Key2_HasBeenClicked
    main.o(i.main) refers to main.o(i.Show_Provinces) for Show_Provinces
    main.o(i.main) refers to key.o(i.Key3_HasBeenClicked) for Key3_HasBeenClicked
    main.o(i.main) refers to main.o(i.Show_Cities) for Show_Cities
    main.o(i.main) refers to key.o(i.Key4_HasBeenClicked) for Key4_HasBeenClicked
    main.o(i.main) refers to main.o(.data) for Timer
    stm32f4xx_it.o(i.SysTick_Handler) refers to stm32f4xx_hal.o(i.HAL_IncTick) for HAL_IncTick
    system_stm32f4xx.o(i.SystemCoreClockUpdate) refers to system_stm32f4xx.o(.data) for SystemCoreClock
    system_stm32f4xx.o(i.SystemCoreClockUpdate) refers to system_stm32f4xx.o(.constdata) for AHBPrescTable
    delay.o(i.HAL_Delay) refers to delay.o(i.delay_ms) for delay_ms
    delay.o(i.delay_init) refers to delay.o(.data) for g_fac_us
    delay.o(i.delay_ms) refers to delay.o(i.delay_us) for delay_us
    delay.o(i.delay_us) refers to delay.o(.data) for g_fac_us
    sys.o(i.sys_stm32_clock_init) refers to memseta.o(.text) for __aeabi_memclr4
    sys.o(i.sys_stm32_clock_init) refers to stm32f4xx_hal_rcc.o(i.HAL_RCC_OscConfig) for HAL_RCC_OscConfig
    sys.o(i.sys_stm32_clock_init) refers to stm32f4xx_hal_rcc.o(i.HAL_RCC_ClockConfig) for HAL_RCC_ClockConfig
    sys.o(i.sys_stm32_clock_init) refers to stm32f4xx_hal.o(i.HAL_GetREVID) for HAL_GetREVID
    usart.o(i.HAL_UART_MspInit) refers to stm32f4xx_hal_gpio.o(i.HAL_GPIO_Init) for HAL_GPIO_Init
    usart.o(i.HAL_UART_MspInit) refers to stm32f4xx_hal_cortex.o(i.HAL_NVIC_EnableIRQ) for HAL_NVIC_EnableIRQ
    usart.o(i.HAL_UART_MspInit) refers to stm32f4xx_hal_cortex.o(i.HAL_NVIC_SetPriority) for HAL_NVIC_SetPriority
    usart.o(i.HAL_UART_RxCpltCallback) refers to stm32f4xx_hal_uart.o(i.HAL_UART_Receive_IT) for HAL_UART_Receive_IT
    usart.o(i.HAL_UART_RxCpltCallback) refers to usart.o(.data) for g_usart_rx_sta
    usart.o(i.HAL_UART_RxCpltCallback) refers to usart.o(.bss) for g_usart_rx_buf
    usart.o(i.USART1_IRQHandler) refers to stm32f4xx_hal_uart.o(i.HAL_UART_IRQHandler) for HAL_UART_IRQHandler
    usart.o(i.USART1_IRQHandler) refers to usart.o(.bss) for g_uart1_handle
    usart.o(i.usart_init) refers to stm32f4xx_hal_uart.o(i.HAL_UART_Init) for HAL_UART_Init
    usart.o(i.usart_init) refers to stm32f4xx_hal_uart.o(i.HAL_UART_Receive_IT) for HAL_UART_Receive_IT
    usart.o(i.usart_init) refers to usart.o(.bss) for g_uart1_handle
    usart.o(i.usart_init) refers to usart.o(.data) for g_rx_buffer
    stm32f4xx_hal.o(i.HAL_DeInit) refers to stm32f4xx_hal.o(i.HAL_MspDeInit) for HAL_MspDeInit
[...]
    stm32f4xx_hal_usart.o(i.HAL_USART_TransmitReceive_DMA) refers to stm32f4xx_hal_usart.o(i.USART_DMARxHalfCplt) for USART_DMARxHalfCplt
    stm32f4xx_hal_usart.o(i.HAL_USART_TransmitReceive_DMA) refers to stm32f4xx_hal_usart.o(i.USART_DMATransmitCplt) for USART_DMATransmitCplt
    stm32f4xx_hal_usart.o(i.HAL_USART_TransmitReceive_DMA) refers to stm32f4xx_hal_usart.o(i.USART_DMATxHalfCplt) for USART_DMATxHalfCplt
    stm32f4xx_hal_usart.o(i.HAL_USART_TransmitReceive_DMA) refers to stm32f4xx_hal_usart.o(i.USART_DMAError) for USART_DMAError
    stm32f4xx_hal_usart.o(i.HAL_USART_Transmit_DMA) refers to stm32f4xx_hal_dma.o(i.HAL_DMA_Start_IT) for HAL_DMA_Start_IT
    stm32f4xx_hal_usart.o(i.HAL_USART_Transmit_DMA) refers to stm32f4xx_hal_usart.o(i.USART_DMATransmitCplt) for USART_DMATransmitCplt
    stm32f4xx_hal_usart.o(i.HAL_USART_Transmit_DMA) refers to stm32f4xx_hal_usart.o(i.USART_DMATxHalfCplt) for USART_DMATxHalfCplt
    stm32f4xx_hal_usart.o(i.HAL_USART_Transmit_DMA) refers to stm32f4xx_hal_usart.o(i.USART_DMAError) for USART_DMAError
    stm32f4xx_hal_usart.o(i.USART_DMAAbortOnError) refers to stm32f4xx_hal_usart.o(i.HAL_USART_ErrorCallback) for HAL_USART_ErrorCallback
    stm32f4xx_hal_usart.o(i.USART_DMAError) refers to stm32f4xx_hal_usart.o(i.USART_EndTxTransfer) for USART_EndTxTransfer
    stm32f4xx_hal_usart.o(i.USART_DMAError) refers to stm32f4xx_hal_usart.o(i.USART_EndRxTransfer) for USART_EndRxTransfer
    stm32f4xx_hal_usart.o(i.USART_DMAError) refers to stm32f4xx_hal_usart.o(i.HAL_USART_ErrorCallback) for HAL_USART_ErrorCallback
    stm32f4xx_hal_usart.o(i.USART_DMAReceiveCplt) refers to stm32f4xx_hal_usart.o(i.HAL_USART_RxCpltCallback) for HAL_USART_RxCpltCallback
    stm32f4xx_hal_usart.o(i.USART_DMAReceiveCplt) refers to stm32f4xx_hal_usart.o(i.HAL_USART_TxRxCpltCallback) for HAL_USART_TxRxCpltCallback
    stm32f4xx_hal_usart.o(i.USART_DMARxAbortCallback) refers to stm32f4xx_hal_usart.o(i.HAL_USART_AbortCpltCallback) for HAL_USART_AbortCpltCallback
    stm32f4xx_hal_usart.o(i.USART_DMARxHalfCplt) refers to stm32f4xx_hal_usart.o(i.HAL_USART_RxHalfCpltCallback) for HAL_USART_RxHalfCpltCallback
    stm32f4xx_hal_usart.o(i.USART_DMATransmitCplt) refers to stm32f4xx_hal_usart.o(i.HAL_USART_TxCpltCallback) for HAL_USART_TxCpltCallback
    stm32f4xx_hal_usart.o(i.USART_DMATxAbortCallback) refers to stm32f4xx_hal_usart.o(i.HAL_USART_AbortCpltCallback) for HAL_USART_AbortCpltCallback
    stm32f4xx_hal_usart.o(i.USART_DMATxHalfCplt) refers to stm32f4xx_hal_usart.o(i.HAL_USART_TxHalfCpltCallback) for HAL_USART_TxHalfCpltCallback
    stm32f4xx_hal_usart.o(i.USART_EndTransmit_IT) refers to stm32f4xx_hal_usart.o(i.HAL_USART_TxCpltCallback) for HAL_USART_TxCpltCallback
    stm32f4xx_hal_usart.o(i.USART_Receive_IT) refers to stm32f4xx_hal_usart.o(i.HAL_USART_RxCpltCallback) for HAL_USART_RxCpltCallback
    stm32f4xx_hal_usart.o(i.USART_SetConfig) refers to stm32f4xx_hal_rcc.o(i.HAL_RCC_GetPCLK2Freq) for HAL_RCC_GetPCLK2Freq
    stm32f4xx_hal_usart.o(i.USART_SetConfig) refers to uldiv.o(.text) for __aeabi_uldivmod
    stm32f4xx_hal_usart.o(i.USART_SetConfig) refers to stm32f4xx_hal_rcc.o(i.HAL_RCC_GetPCLK1Freq) for HAL_RCC_GetPCLK1Freq
    stm32f4xx_hal_usart.o(i.USART_TransmitReceive_IT) refers to stm32f4xx_hal_usart.o(i.HAL_USART_TxRxCpltCallback) for HAL_USART_TxRxCpltCallback
    stm32f4xx_hal_usart.o(i.USART_WaitOnFlagUntilTimeout) refers to stm32f4xx_hal.o(i.HAL_GetTick) for HAL_GetTick
    stm32f4xx_hal_uart.o(i.HAL_HalfDuplex_Init) refers to usart.o(i.HAL_UART_MspInit) for HAL_UART_MspInit
    stm32f4xx_hal_uart.o(i.HAL_HalfDuplex_Init) refers to stm32f4xx_hal_uart.o(i.UART_SetConfig) for UART_SetConfig
    stm32f4xx_hal_uart.o(i.HAL_LIN_Init) refers to usart.o(i.HAL_UART_MspInit) for HAL_UART_MspInit
    stm32f4xx_hal_uart.o(i.HAL_LIN_Init) refers to stm32f4xx_hal_uart.o(i.UART_SetConfig) for UART_SetConfig
    stm32f4xx_hal_uart.o(i.HAL_MultiProcessor_Init) refers to usart.o(i.HAL_UART_MspInit) for HAL_UART_MspInit
    stm32f4xx_hal_uart.o(i.HAL_MultiProcessor_Init) refers to stm32f4xx_hal_uart.o(i.UART_SetConfig) for UART_SetConfig
    stm32f4xx_hal_uart.o(i.HAL_UARTEx_ReceiveToIdle) refers to stm32f4xx_hal.o(i.HAL_GetTick) for HAL_GetTick
    stm32f4xx_hal_uart.o(i.HAL_UARTEx_ReceiveToIdle_DMA) refers to stm32f4xx_hal_uart.o(i.UART_Start_Receive_DMA) for UART_Start_Receive_DMA
    stm32f4xx_hal_uart.o(i.HAL_UARTEx_ReceiveToIdle_IT) refers to stm32f4xx_hal_uart.o(i.UART_Start_Receive_IT) for UART_Start_Receive_IT
    stm32f4xx_hal_uart.o(i.HAL_UART_Abort) refers to stm32f4xx_hal_dma.o(i.HAL_DMA_Abort) for HAL_DMA_Abort
    stm32f4xx_hal_uart.o(i.HAL_UART_Abort) refers to stm32f4xx_hal_dma.o(i.HAL_DMA_GetError) for HAL_DMA_GetError
    stm32f4xx_hal_uart.o(i.HAL_UART_AbortReceive) refers to stm32f4xx_hal_dma.o(i.HAL_DMA_Abort) for HAL_DMA_Abort
    stm32f4xx_hal_uart.o(i.HAL_UART_AbortReceive) refers to stm32f4xx_hal_dma.o(i.HAL_DMA_GetError) for HAL_DMA_GetError
    stm32f4xx_hal_uart.o(i.HAL_UART_AbortReceive_IT) refers to stm32f4xx_hal_dma.o(i.HAL_DMA_Abort_IT) for HAL_DMA_Abort_IT
    stm32f4xx_hal_uart.o(i.HAL_UART_AbortReceive_IT) refers to stm32f4xx_hal_uart.o(i.HAL_UART_AbortReceiveCpltCallback) for HAL_UART_AbortReceiveCpltCallback
    stm32f4xx_hal_uart.o(i.HAL_UART_AbortReceive_IT) refers to stm32f4xx_hal_uart.o(i.UART_DMARxOnlyAbortCallback) for UART_DMARxOnlyAbortCallback
    stm32f4xx_hal_uart.o(i.HAL_UART_AbortTransmit) refers to stm32f4xx_hal_dma.o(i.HAL_DMA_Abort) for HAL_DMA_Abort
    stm32f4xx_hal_uart.o(i.HAL_UART_AbortTransmit) refers to stm32f4xx_hal_dma.o(i.HAL_DMA_GetError) for HAL_DMA_GetError
    stm32f4xx_hal_uart.o(i.HAL_UART_AbortTransmit_IT) refers to stm32f4xx_hal_dma.o(i.HAL_DMA_Abort_IT) for HAL_DMA_Abort_IT
    stm32f4xx_hal_uart.o(i.HAL_UART_AbortTransmit_IT) refers to stm32f4xx_hal_uart.o(i.HAL_UART_AbortTransmitCpltCallback) for HAL_UART_AbortTransmitCpltCallback
    stm32f4xx_hal_uart.o(i.HAL_UART_AbortTransmit_IT) refers to stm32f4xx_hal_uart.o(i.UART_DMATxOnlyAbortCallback) for UART_DMATxOnlyAbortCallback
    stm32f4xx_hal_uart.o(i.HAL_UART_Abort_IT) refers to stm32f4xx_hal_dma.o(i.HAL_DMA_Abort_IT) for HAL_DMA_Abort_IT
    stm32f4xx_hal_uart.o(i.HAL_UART_Abort_IT) refers to stm32f4xx_hal_uart.o(i.HAL_UART_AbortCpltCallback) for HAL_UART_AbortCpltCallback
    stm32f4xx_hal_uart.o(i.HAL_UART_Abort_IT) refers to stm32f4xx_hal_uart.o(i.UART_DMATxAbortCallback) for UART_DMATxAbortCallback
    stm32f4xx_hal_uart.o(i.HAL_UART_Abort_IT) refers to stm32f4xx_hal_uart.o(i.UART_DMARxAbortCallback) for UART_DMARxAbortCallback
    stm32f4xx_hal_uart.o(i.HAL_UART_DMAStop) refers to stm32f4xx_hal_dma.o(i.HAL_DMA_Abort) for HAL_DMA_Abort
    stm32f4xx_hal_uart.o(i.HAL_UART_DMAStop) refers to stm32f4xx_hal_uart.o(i.UART_EndTxTransfer) for UART_EndTxTransfer
    stm32f4xx_hal_uart.o(i.HAL_UART_DMAStop) refers to stm32f4xx_hal_uart.o(i.UART_EndRxTransfer) for UART_EndRxTransfer
    stm32f4xx_hal_uart.o(i.HAL_UART_DeInit) refers to stm32f4xx_hal_uart.o(i.HAL_UART_MspDeInit) for HAL_UART_MspDeInit
    stm32f4xx_hal_uart.o(i.HAL_UART_IRQHandler) refers to stm32f4xx_hal_uart.o(i.UART_Receive_IT) for UART_Receive_IT
    stm32f4xx_hal_uart.o(i.HAL_UART_IRQHandler) refers to stm32f4xx_hal_uart.o(i.UART_EndRxTransfer) for UART_EndRxTransfer
    stm32f4xx_hal_uart.o(i.HAL_UART_IRQHandler) refers to stm32f4xx_hal_dma.o(i.HAL_DMA_Abort_IT) for HAL_DMA_Abort_IT
    stm32f4xx_hal_uart.o(i.HAL_UART_IRQHandler) refers to stm32f4xx_hal_uart.o(i.HAL_UART_ErrorCallback) for HAL_UART_ErrorCallback
    stm32f4xx_hal_uart.o(i.HAL_UART_IRQHandler) refers to stm32f4xx_hal_dma.o(i.HAL_DMA_Abort) for HAL_DMA_Abort
    stm32f4xx_hal_uart.o(i.HAL_UART_IRQHandler) refers to stm32f4xx_hal_uart.o(i.HAL_UARTEx_RxEventCallback) for HAL_UARTEx_RxEventCallback
    stm32f4xx_hal_uart.o(i.HAL_UART_IRQHandler) refers to stm32f4xx_hal_uart.o(i.UART_Transmit_IT) for UART_Transmit_IT
    stm32f4xx_hal_uart.o(i.HAL_UART_IRQHandler) refers to stm32f4xx_hal_uart.o(i.UART_EndTransmit_IT) for UART_EndTransmit_IT
    stm32f4xx_hal_uart.o(i.HAL_UART_IRQHandler) refers to stm32f4xx_hal_uart.o(i.UART_DMAAbortOnError) for UART_DMAAbortOnError
    stm32f4xx_hal_uart.o(i.HAL_UART_Init) refers to usart.o(i.HAL_UART_MspInit) for HAL_UART_MspInit
    stm32f4xx_hal_uart.o(i.HAL_UART_Init) refers to stm32f4xx_hal_uart.o(i.UART_SetConfig) for UART_SetConfig
    stm32f4xx_hal_uart.o(i.HAL_UART_Receive) refers to stm32f4xx_hal.o(i.HAL_GetTick) for HAL_GetTick
    stm32f4xx_hal_uart.o(i.HAL_UART_Receive) refers to stm32f4xx_hal_uart.o(i.UART_WaitOnFlagUntilTimeout) for UART_WaitOnFlagUntilTimeout
    stm32f4xx_hal_uart.o(i.HAL_UART_Receive_DMA) refers to stm32f4xx_hal_uart.o(i.UART_Start_Receive_DMA) for UART_Start_Receive_DMA
    stm32f4xx_hal_uart.o(i.HAL_UART_Receive_IT) refers to stm32f4xx_hal_uart.o(i.UART_Start_Receive_IT) for UART_Start_Receive_IT
    stm32f4xx_hal_uart.o(i.HAL_UART_Transmit) refers to stm32f4xx_hal.o(i.HAL_GetTick) for HAL_GetTick
    stm32f4xx_hal_uart.o(i.HAL_UART_Transmit) refers to stm32f4xx_hal_uart.o(i.UART_WaitOnFlagUntilTimeout) for UART_WaitOnFlagUntilTimeout
    stm32f4xx_hal_uart.o(i.HAL_UART_Transmit_DMA) refers to stm32f4xx_hal_dma.o(i.HAL_DMA_Start_IT) for HAL_DMA_Start_IT
    stm32f4xx_hal_uart.o(i.HAL_UART_Transmit_DMA) refers to stm32f4xx_hal_uart.o(i.UART_DMATransmitCplt) for UART_DMATransmitCplt
    stm32f4xx_hal_uart.o(i.HAL_UART_Transmit_DMA) refers to stm32f4xx_hal_uart.o(i.UART_DMATxHalfCplt) for UART_DMATxHalfCplt
    stm32f4xx_hal_uart.o(i.HAL_UART_Transmit_DMA) refers to stm32f4xx_hal_uart.o(i.UART_DMAError) for UART_DMAError
    stm32f4xx_hal_uart.o(i.UART_DMAAbortOnError) refers to stm32f4xx_hal_uart.o(i.HAL_UART_ErrorCallback) for HAL_UART_ErrorCallback
    stm32f4xx_hal_uart.o(i.UART_DMAError) refers to stm32f4xx_hal_uart.o(i.UART_EndTxTransfer) for UART_EndTxTransfer
    stm32f4xx_hal_uart.o(i.UART_DMAError) refers to stm32f4xx_hal_uart.o(i.UART_EndRxTransfer) for UART_EndRxTransfer
    stm32f4xx_hal_uart.o(i.UART_DMAError) refers to stm32f4xx_hal_uart.o(i.HAL_UART_ErrorCallback) for HAL_UART_ErrorCallback
    stm32f4xx_hal_uart.o(i.UART_DMAReceiveCplt) refers to stm32f4xx_hal_uart.o(i.HAL_UARTEx_RxEventCallback) for HAL_UARTEx_RxEventCallback
    stm32f4xx_hal_uart.o(i.UART_DMAReceiveCplt) refers to usart.o(i.HAL_UART_RxCpltCallback) for HAL_UART_RxCpltCallback
    stm32f4xx_hal_uart.o(i.UART_DMARxAbortCallback) refers to stm32f4xx_hal_uart.o(i.HAL_UART_AbortCpltCallback) for HAL_UART_AbortCpltCallback
    stm32f4xx_hal_uart.o(i.UART_DMARxHalfCplt) refers to stm32f4xx_hal_uart.o(i.HAL_UARTEx_RxEventCallback) for HAL_UARTEx_RxEventCallback
    stm32f4xx_hal_uart.o(i.UART_DMARxHalfCplt) refers to stm32f4xx_hal_uart.o(i.HAL_UART_RxHalfCpltCallback) for HAL_UART_RxHalfCpltCallback
    stm32f4xx_hal_uart.o(i.UART_DMARxOnlyAbortCallback) refers to stm32f4xx_hal_uart.o(i.HAL_UART_AbortReceiveCpltCallback) for HAL_UART_AbortReceiveCpltCallback
    stm32f4xx_hal_uart.o(i.UART_DMATransmitCplt) refers to stm32f4xx_hal_uart.o(i.HAL_UART_TxCpltCallback) for HAL_UART_TxCpltCallback
    stm32f4xx_hal_uart.o(i.UART_DMATxAbortCallback) refers to stm32f4xx_hal_uart.o(i.HAL_UART_AbortCpltCallback) for HAL_UART_AbortCpltCallback
    stm32f4xx_hal_uart.o(i.UART_DMATxHalfCplt) refers to stm32f4xx_hal_uart.o(i.HAL_UART_TxHalfCpltCallback) for HAL_UART_TxHalfCpltCallback
    stm32f4xx_hal_uart.o(i.UART_DMATxOnlyAbortCallback) refers to stm32f4xx_hal_uart.o(i.HAL_UART_AbortTransmitCpltCallback) for HAL_UART_AbortTransmitCpltCallback
    stm32f4xx_hal_uart.o(i.UART_EndTransmit_IT) refers to stm32f4xx_hal_uart.o(i.HAL_UART_TxCpltCallback) for HAL_UART_TxCpltCallback
    stm32f4xx_hal_uart.o(i.UART_Receive_IT) refers to stm32f4xx_hal_uart.o(i.HAL_UARTEx_RxEventCallback) for HAL_UARTEx_RxEventCallback
    stm32f4xx_hal_uart.o(i.UART_Receive_IT) refers to usart.o(i.HAL_UART_RxCpltCallback) for HAL_UART_RxCpltCallback
    stm32f4xx_hal_uart.o(i.UART_SetConfig) refers to stm32f4xx_hal_rcc.o(i.HAL_RCC_GetPCLK2Freq) for HAL_RCC_GetPCLK2Freq
    stm32f4xx_hal_uart.o(i.UART_SetConfig) refers to stm32f4xx_hal_rcc.o(i.HAL_RCC_GetPCLK1Freq) for HAL_RCC_GetPCLK1Freq
    stm32f4xx_hal_uart.o(i.UART_SetConfig) refers to uldiv.o(.text) for __aeabi_uldivmod
    stm32f4xx_hal_uart.o(i.UART_Start_Receive_DMA) refers to stm32f4xx_hal_dma.o(i.HAL_DMA_Start_IT) for HAL_DMA_Start_IT
    stm32f4xx_hal_uart.o(i.UART_Start_Receive_DMA) refers to stm32f4xx_hal_uart.o(i.UART_DMAReceiveCplt) for UART_DMAReceiveCplt
    stm32f4xx_hal_uart.o(i.UART_Start_Receive_DMA) refers to stm32f4xx_hal_uart.o(i.UART_DMARxHalfCplt) for UART_DMARxHalfCplt
    stm32f4xx_hal_uart.o(i.UART_Start_Receive_DMA) refers to stm32f4xx_hal_uart.o(i.UART_DMAError) for UART_DMAError
    stm32f4xx_hal_uart.o(i.UART_WaitOnFlagUntilTimeout) refers to stm32f4xx_hal.o(i.HAL_GetTick) for HAL_GetTick
    led.o(i.led_init) refers to stm32f4xx_hal_gpio.o(i.HAL_GPIO_Init) for HAL_GPIO_Init
    led.o(i.led_init) refers to stm32f4xx_hal_gpio.o(i.HAL_GPIO_WritePin) for HAL_GPIO_WritePin
    key.o(i.Key1_HasBeenClicked) refers to stm32f4xx_hal_gpio.o(i.HAL_GPIO_ReadPin) for HAL_GPIO_ReadPin
    key.o(i.Key1_HasBeenClicked) refers to delay.o(i.delay_us) for delay_us
    key.o(i.Key2_HasBeenClicked) refers to stm32f4xx_hal_gpio.o(i.HAL_GPIO_ReadPin) for HAL_GPIO_ReadPin
    key.o(i.Key2_HasBeenClicked) refers to delay.o(i.delay_us) for delay_us
    key.o(i.Key3_HasBeenClicked) refers to stm32f4xx_hal_gpio.o(i.HAL_GPIO_ReadPin) for HAL_GPIO_ReadPin
    key.o(i.Key3_HasBeenClicked) refers to delay.o(i.delay_us) for delay_us
    key.o(i.Key4_HasBeenClicked) refers to stm32f4xx_hal_gpio.o(i.HAL_GPIO_ReadPin) for HAL_GPIO_ReadPin
    key.o(i.Key4_HasBeenClicked) refers to delay.o(i.delay_us) for delay_us
    key.o(i.Key_Init) refers to stm32f4xx_hal_gpio.o(i.HAL_GPIO_Init) for HAL_GPIO_Init
    key.o(i.Key_Scan) refers to key.o(i.Key1_HasBeenClicked) for Key1_HasBeenClicked
    key.o(i.Key_Scan) refers to key.o(i.Key2_HasBeenClicked) for Key2_HasBeenClicked
    key.o(i.Key_Scan) refers to key.o(i.Key3_HasBeenClicked) for Key3_HasBeenClicked
    key.o(i.Key_Scan) refers to key.o(i.Key4_HasBeenClicked) for Key4_HasBeenClicked
    oled.o(i.OLED_Clear) refers to oled.o(i.OLED_SetCursor) for OLED_SetCursor
    oled.o(i.OLED_Clear) refers to oled.o(i.OLED_WriteData) for OLED_WriteData
    oled.o(i.OLED_I2C_Init) refers to stm32f4xx_hal_gpio.o(i.HAL_GPIO_Init) for HAL_GPIO_Init
    oled.o(i.OLED_I2C_Init) refers to stm32f4xx_hal_gpio.o(i.HAL_GPIO_WritePin) for HAL_GPIO_WritePin
    oled.o(i.OLED_I2C_SendByte) refers to stm32f4xx_hal_gpio.o(i.HAL_GPIO_WritePin) for HAL_GPIO_WritePin
    oled.o(i.OLED_I2C_Start) refers to stm32f4xx_hal_gpio.o(i.HAL_GPIO_WritePin) for HAL_GPIO_WritePin
    oled.o(i.OLED_I2C_Stop) refers to stm32f4xx_hal_gpio.o(i.HAL_GPIO_WritePin) for HAL_GPIO_WritePin
    oled.o(i.OLED_Init) refers to oled.o(i.OLED_I2C_Init) for OLED_I2C_Init
    oled.o(i.OLED_Init) refers to oled.o(i.OLED_WriteCommand) for OLED_WriteCommand
    oled.o(i.OLED_Init) refers to oled.o(i.OLED_Clear) for OLED_Clear
    oled.o(i.OLED_SetCursor) refers to oled.o(i.OLED_WriteCommand) for OLED_WriteCommand
    oled.o(i.OLED_ShowBinInteger) refers to oled.o(i.OLED_Pow) for OLED_Pow
    oled.o(i.OLED_ShowBinInteger) refers to oled.o(i.OLED_ShowCharacter) for OLED_ShowCharacter
    oled.o(i.OLED_ShowCharacter) refers to oled.o(i.OLED_SetCursor) for OLED_SetCursor
    oled.o(i.OLED_ShowCharacter) refers to oled.o(i.OLED_WriteData) for OLED_WriteData
    oled.o(i.OLED_ShowCharacter) refers to oled.o(.data) for OLED_F8x16
    oled.o(i.OLED_ShowHexInteger) refers to oled.o(i.OLED_ShowCharacter) for OLED_ShowCharacter
    oled.o(i.OLED_ShowHexInteger) refers to oled.o(i.OLED_Pow) for OLED_Pow
    oled.o(i.OLED_ShowInteger) refers to oled.o(i.OLED_Pow) for OLED_Pow
    oled.o(i.OLED_ShowInteger) refers to oled.o(i.OLED_ShowCharacter) for OLED_ShowCharacter
    oled.o(i.OLED_ShowSignedFloat) refers to oled.o(i.OLED_ShowCharacter) for OLED_ShowCharacter
    oled.o(i.OLED_ShowSignedFloat) refers to oled.o(i.OLED_ShowUnsignedFloat) for OLED_ShowUnsignedFloat
    oled.o(i.OLED_ShowSignedInteger) refers to oled.o(i.OLED_ShowCharacter) for OLED_ShowCharacter
    oled.o(i.OLED_ShowSignedInteger) refers to oled.o(i.OLED_Pow) for OLED_Pow
    oled.o(i.OLED_ShowString) refers to oled.o(i.OLED_ShowCharacter) for OLED_ShowCharacter
    oled.o(i.OLED_ShowUnsignedFloat) refers to oled.o(i.OLED_ShowInteger) for OLED_ShowInteger
    oled.o(i.OLED_ShowUnsignedFloat) refers to oled.o(i.OLED_ShowCharacter) for OLED_ShowCharacter
    oled.o(i.OLED_WriteCommand) refers to oled.o(i.OLED_I2C_Start) for OLED_I2C_Start
    oled.o(i.OLED_WriteCommand) refers to oled.o(i.OLED_I2C_SendByte) for OLED_I2C_SendByte
    oled.o(i.OLED_WriteCommand) refers to oled.o(i.OLED_I2C_Stop) for OLED_I2C_Stop
    oled.o(i.OLED_WriteData) refers to oled.o(i.OLED_I2C_Start) for OLED_I2C_Start
    oled.o(i.OLED_WriteData) refers to oled.o(i.OLED_I2C_SendByte) for OLED_I2C_SendByte
    oled.o(i.OLED_WriteData) refers to oled.o(i.OLED_I2C_Stop) for OLED_I2C_Stop
    entry.o(.ARM.Collect$$$$00000000) refers (Special) to entry10a.o(.ARM.Collect$$$$0000000F) for __rt_final_cpp
    entry.o(.ARM.Collect$$$$00000000) refers (Special) to entry11a.o(.ARM.Collect$$$$00000011) for __rt_final_exit
    entry.o(.ARM.Collect$$$$00000000) refers (Special) to entry12b.o(.ARM.Collect$$$$0000000E) for __rt_lib_shutdown_fini
    entry.o(.ARM.Collect$$$$00000000) refers (Special) to entry7b.o(.ARM.Collect$$$$00000008) for _main_clock
    entry.o(.ARM.Collect$$$$00000000) refers (Special) to entry8b.o(.ARM.Collect$$$$0000000A) for _main_cpp_init
    entry.o(.ARM.Collect$$$$00000000) refers (Special) to entry9a.o(.ARM.Collect$$$$0000000B) for _main_init
    entry.o(.ARM.Collect$$$$00000000) refers (Special) to entry5.o(.ARM.Collect$$$$00000004) for _main_scatterload
    entry.o(.ARM.Collect$$$$00000000) refers (Special) to entry2.o(.ARM.Collect$$$$00000001) for _main_stk
    uldiv.o(.text) refers to llushr.o(.text) for __aeabi_llsr
    uldiv.o(.text) refers to llshl.o(.text) for __aeabi_llsl
    entry2.o(.ARM.Collect$$$$00000001) refers to entry2.o(.ARM.Collect$$$$00002712) for __lit__00000000
    entry2.o(.ARM.Collect$$$$00002712) refers to startup_stm32f407xx.o(STACK) for __initial_sp
    entry2.o(__vectab_stack_and_reset_area) refers to startup_stm32f407xx.o(STACK) for __initial_sp
    entry2.o(__vectab_stack_and_reset_area) refers to entry.o(.ARM.Collect$$$$00000000) for __main
    entry5.o(.ARM.Collect$$$$00000004) refers to init.o(.text) for __scatterload
    entry9a.o(.ARM.Collect$$$$0000000B) refers to main.o(i.main) for main
    entry9b.o(.ARM.Collect$$$$0000000C) refers to main.o(i.main) for main
    init.o(.text) refers to entry5.o(.ARM.Collect$$$$00000004) for __main_after_scatterload


==============================================================================

Removing Unused input sections from the image.

    Removing startup_stm32f407xx.o(HEAP), (0 bytes).
    Removing main.o(.rev16_text), (4 bytes).
    Removing main.o(.revsh_text), (4 bytes).
    Removing main.o(.rrx_text), (6 bytes).
    Removing stm32f4xx_it.o(.rev16_text), (4 bytes).
    Removing stm32f4xx_it.o(.revsh_text), (4 bytes).
    Removing stm32f4xx_it.o(.rrx_text), (6 bytes).
    Removing system_stm32f4xx.o(.rev16_text), (4 bytes).
    Removing system_stm32f4xx.o(.revsh_text), (4 bytes).
    Removing system_stm32f4xx.o(.rrx_text), (6 bytes).
    Removing system_stm32f4xx.o(i.SystemCoreClockUpdate), (192 bytes).
    Removing delay.o(.rev16_text), (4 bytes).
    Removing delay.o(.revsh_text), (4 bytes).
    Removing delay.o(.rrx_text), (6 bytes).
    Removing delay.o(i.HAL_Delay), (12 bytes).
    Removing delay.o(i.delay_ms), (18 bytes).
    Removing sys.o(.rev16_text), (4 bytes).
    Removing sys.o(.revsh_text), (4 bytes).
    Removing sys.o(.rrx_text), (6 bytes).
    Removing sys.o(i.sys_intx_disable), (4 bytes).
    Removing sys.o(i.sys_intx_enable), (4 bytes).
    Removing sys.o(i.sys_msr_msp), (10 bytes).
    Removing sys.o(i.sys_nvic_set_vector_table), (16 bytes).
    Removing sys.o(i.sys_soft_reset), (68 bytes).
    Removing sys.o(i.sys_standby), (56 bytes).
    Removing sys.o(i.sys_wfi_set), (4 bytes).
    Removing usart.o(.rev16_text), (4 bytes).
    Removing usart.o(.revsh_text), (4 bytes).
    Removing usart.o(.rrx_text), (6 bytes).
    Removing usart.o(i._sys_command_string), (6 bytes).
    Removing usart.o(i._sys_exit), (4 bytes).
    Removing usart.o(i._ttywrch), (4 bytes).
    Removing usart.o(i.fputc), (28 bytes).
    Removing stm32f4xx_hal.o(.rev16_text), (4 bytes).
    Removing stm32f4xx_hal.o(.revsh_text), (4 bytes).
    Removing stm32f4xx_hal.o(.rrx_text), (6 bytes).
    Removing stm32f4xx_hal.o(i.HAL_DBGMCU_DisableDBGSleepMode), (20 bytes).
    Removing stm32f4xx_hal.o(i.HAL_DBGMCU_DisableDBGStandbyMode), (20 bytes).
    Removing stm32f4xx_hal.o(i.HAL_DBGMCU_DisableDBGStopMode), (20 bytes).
    Removing stm32f4xx_hal.o(i.HAL_DBGMCU_EnableDBGSleepMode), (20 bytes).
    Removing stm32f4xx_hal.o(i.HAL_DBGMCU_EnableDBGStandbyMode), (20 bytes).
    Removing stm32f4xx_hal.o(i.HAL_DBGMCU_EnableDBGStopMode), (20 bytes).
    Removing stm32f4xx_hal.o(i.HAL_DeInit), (68 bytes).
    Removing stm32f4xx_hal.o(i.HAL_Delay), (40 bytes).
    Removing stm32f4xx_hal.o(i.HAL_DisableCompensationCell), (12 bytes).
    Removing stm32f4xx_hal.o(i.HAL_EnableCompensationCell), (12 bytes).
    Removing stm32f4xx_hal.o(i.HAL_GetDEVID), (16 bytes).
    Removing stm32f4xx_hal.o(i.HAL_GetHalVersion), (8 bytes).
    Removing stm32f4xx_hal.o(i.HAL_GetTickFreq), (12 bytes).
    Removing stm32f4xx_hal.o(i.HAL_GetTickPrio), (12 bytes).
    Removing stm32f4xx_hal.o(i.HAL_GetUIDw0), (12 bytes).
    Removing stm32f4xx_hal.o(i.HAL_GetUIDw1), (12 bytes).
    Removing stm32f4xx_hal.o(i.HAL_GetUIDw2), (12 bytes).
    Removing stm32f4xx_hal.o(i.HAL_MspDeInit), (2 bytes).
    Removing stm32f4xx_hal.o(i.HAL_ResumeTick), (18 bytes).
    Removing stm32f4xx_hal.o(i.HAL_SetTickFreq), (48 bytes).
    Removing stm32f4xx_hal.o(i.HAL_SuspendTick), (18 bytes).
    Removing stm32f4xx_hal_cortex.o(.rev16_text), (4 bytes).
    Removing stm32f4xx_hal_cortex.o(.revsh_text), (4 bytes).
    Removing stm32f4xx_hal_cortex.o(.rrx_text), (6 bytes).
    Removing stm32f4xx_hal_cortex.o(i.HAL_MPU_ConfigRegion), (92 bytes).
    Removing stm32f4xx_hal_cortex.o(i.HAL_MPU_Disable), (44 bytes).
    Removing stm32f4xx_hal_cortex.o(i.HAL_MPU_Enable), (64 bytes).
    Removing stm32f4xx_hal_cortex.o(i.HAL_NVIC_ClearPendingIRQ), (36 bytes).
    Removing stm32f4xx_hal_cortex.o(i.HAL_NVIC_DisableIRQ), (68 bytes).
    Removing stm32f4xx_hal_cortex.o(i.HAL_NVIC_GetActive), (48 bytes).
    Removing stm32f4xx_hal_cortex.o(i.HAL_NVIC_GetPendingIRQ), (48 bytes).
    Removing stm32f4xx_hal_cortex.o(i.HAL_NVIC_GetPriority), (148 bytes).
    Removing stm32f4xx_hal_cortex.o(i.HAL_NVIC_GetPriorityGrouping), (8 bytes).
    Removing stm32f4xx_hal_cortex.o(i.HAL_NVIC_SetPendingIRQ), (36 bytes).
    Removing stm32f4xx_hal_cortex.o(i.HAL_NVIC_SystemReset), (68 bytes).
    Removing stm32f4xx_hal_cortex.o(i.HAL_SYSTICK_CLKSourceConfig), (40 bytes).
    Removing stm32f4xx_hal_cortex.o(i.HAL_SYSTICK_Callback), (2 bytes).
    Removing stm32f4xx_hal_cortex.o(i.HAL_SYSTICK_IRQHandler), (8 bytes).
    Removing stm32f4xx_hal_dma.o(.rev16_text), (4 bytes).
    Removing stm32f4xx_hal_dma.o(.revsh_text), (4 bytes).
    Removing stm32f4xx_hal_dma.o(.rrx_text), (6 bytes).
    Removing stm32f4xx_hal_dma.o(i.DMA_CalcBaseAndBitshift), (52 bytes).
    Removing stm32f4xx_hal_dma.o(i.DMA_CheckFifoParam), (170 bytes).
    Removing stm32f4xx_hal_dma.o(i.DMA_SetConfig), (44 bytes).
    Removing stm32f4xx_hal_dma.o(i.HAL_DMA_DeInit), (112 bytes).
    Removing stm32f4xx_hal_dma.o(i.HAL_DMA_GetError), (6 bytes).
    Removing stm32f4xx_hal_dma.o(i.HAL_DMA_GetState), (8 bytes).
    Removing stm32f4xx_hal_dma.o(i.HAL_DMA_IRQHandler), (576 bytes).
    Removing stm32f4xx_hal_dma.o(i.HAL_DMA_Init), (236 bytes).
    Removing stm32f4xx_hal_dma.o(i.HAL_DMA_PollForTransfer), (346 bytes).
    Removing stm32f4xx_hal_dma.o(i.HAL_DMA_RegisterCallback), (94 bytes).
    Removing stm32f4xx_hal_dma.o(i.HAL_DMA_Start), (102 bytes).
    Removing stm32f4xx_hal_dma.o(i.HAL_DMA_Start_IT), (146 bytes).
    Removing stm32f4xx_hal_dma.o(i.HAL_DMA_UnRegisterCallback), (124 bytes).
    Removing stm32f4xx_hal_dma.o(.constdata), (8 bytes).
    Removing stm32f4xx_hal_dma_ex.o(.rev16_text), (4 bytes).
    Removing stm32f4xx_hal_dma_ex.o(.revsh_text), (4 bytes).
    Removing stm32f4xx_hal_dma_ex.o(.rrx_text), (6 bytes).
    Removing stm32f4xx_hal_dma_ex.o(i.DMA_MultiBufferSetConfig), (32 bytes).
    Removing stm32f4xx_hal_dma_ex.o(i.HAL_DMAEx_ChangeMemory), (18 bytes).
    Removing stm32f4xx_hal_dma_ex.o(i.HAL_DMAEx_MultiBufferStart), (124 bytes).
    Removing stm32f4xx_hal_dma_ex.o(i.HAL_DMAEx_MultiBufferStart_IT), (4056 bytes).
    Removing stm32f4xx_hal_gpio.o(.rev16_text), (4 bytes).
    Removing stm32f4xx_hal_gpio.o(.revsh_text), (4 bytes).
    Removing stm32f4xx_hal_gpio.o(.rrx_text), (6 bytes).
    Removing stm32f4xx_hal_gpio.o(i.HAL_GPIO_DeInit), (356 bytes).
    Removing stm32f4xx_hal_gpio.o(i.HAL_GPIO_EXTI_Callback), (2 bytes).
    Removing stm32f4xx_hal_gpio.o(i.HAL_GPIO_EXTI_IRQHandler), (28 bytes).
    Removing stm32f4xx_hal_gpio.o(i.HAL_GPIO_LockPin), (46 bytes).
    Removing stm32f4xx_hal_gpio.o(i.HAL_GPIO_TogglePin), (20 bytes).
    Removing stm32f4xx_hal_pwr.o(.rev16_text), (4 bytes).
    Removing stm32f4xx_hal_pwr.o(.revsh_text), (4 bytes).
    Removing stm32f4xx_hal_pwr.o(.rrx_text), (6 bytes).
    Removing stm32f4xx_hal_pwr.o(i.HAL_PWR_ConfigPVD), (180 bytes).
    Removing stm32f4xx_hal_pwr.o(i.HAL_PWR_DeInit), (28 bytes).
    Removing stm32f4xx_hal_pwr.o(i.HAL_PWR_DisableBkUpAccess), (28 bytes).
    Removing stm32f4xx_hal_pwr.o(i.HAL_PWR_DisablePVD), (12 bytes).
    Removing stm32f4xx_hal_pwr.o(i.HAL_PWR_DisableSEVOnPend), (20 bytes).
    Removing stm32f4xx_hal_pwr.o(i.HAL_PWR_DisableSleepOnExit), (20 bytes).
    Removing stm32f4xx_hal_pwr.o(i.HAL_PWR_DisableWakeUpPin), (16 bytes).
    Removing stm32f4xx_hal_pwr.o(i.HAL_PWR_EnableBkUpAccess), (28 bytes).
    Removing stm32f4xx_hal_pwr.o(i.HAL_PWR_EnablePVD), (12 bytes).
    Removing stm32f4xx_hal_pwr.o(i.HAL_PWR_EnableSEVOnPend), (20 bytes).
    Removing stm32f4xx_hal_pwr.o(i.HAL_PWR_EnableSleepOnExit), (20 bytes).
    Removing stm32f4xx_hal_pwr.o(i.HAL_PWR_EnableWakeUpPin), (16 bytes).
    Removing stm32f4xx_hal_pwr.o(i.HAL_PWR_EnterSLEEPMode), (32 bytes).
    Removing stm32f4xx_hal_pwr.o(i.HAL_PWR_EnterSTANDBYMode), (40 bytes).
    Removing stm32f4xx_hal_pwr.o(i.HAL_PWR_EnterSTOPMode), (64 bytes).
    Removing stm32f4xx_hal_pwr.o(i.HAL_PWR_PVDCallback), (2 bytes).
    Removing stm32f4xx_hal_pwr.o(i.HAL_PWR_PVD_IRQHandler), (32 bytes).
    Removing stm32f4xx_hal_pwr_ex.o(.rev16_text), (4 bytes).
    Removing stm32f4xx_hal_pwr_ex.o(.revsh_text), (4 bytes).
    Removing stm32f4xx_hal_pwr_ex.o(.rrx_text), (6 bytes).
    Removing stm32f4xx_hal_pwr_ex.o(i.HAL_PWREx_ControlVoltageScaling), (120 bytes).
    Removing stm32f4xx_hal_pwr_ex.o(i.HAL_PWREx_DisableBkUpReg), (60 bytes).
    Removing stm32f4xx_hal_pwr_ex.o(i.HAL_PWREx_DisableFlashPowerDown), (12 bytes).
    Removing stm32f4xx_hal_pwr_ex.o(i.HAL_PWREx_EnableBkUpReg), (60 bytes).
    Removing stm32f4xx_hal_pwr_ex.o(i.HAL_PWREx_EnableFlashPowerDown), (12 bytes).
    Removing stm32f4xx_hal_pwr_ex.o(i.HAL_PWREx_GetVoltageRange), (16 bytes).
    Removing stm32f4xx_hal_rcc.o(.rev16_text), (4 bytes).
    Removing stm32f4xx_hal_rcc.o(.revsh_text), (4 bytes).
    Removing stm32f4xx_hal_rcc.o(.rrx_text), (6 bytes).
    Removing stm32f4xx_hal_rcc.o(i.HAL_RCC_CSSCallback), (2 bytes).
    Removing stm32f4xx_hal_rcc.o(i.HAL_RCC_DeInit), (4 bytes).
    Removing stm32f4xx_hal_rcc.o(i.HAL_RCC_DisableCSS), (12 bytes).
    Removing stm32f4xx_hal_rcc.o(i.HAL_RCC_EnableCSS), (12 bytes).
    Removing stm32f4xx_hal_rcc.o(i.HAL_RCC_GetClockConfig), (68 bytes).
    Removing stm32f4xx_hal_rcc.o(i.HAL_RCC_GetOscConfig), (244 bytes).
    Removing stm32f4xx_hal_rcc.o(i.HAL_RCC_MCOConfig), (192 bytes).
    Removing stm32f4xx_hal_rcc.o(i.HAL_RCC_NMI_IRQHandler), (32 bytes).
    Removing stm32f4xx_hal_rcc_ex.o(.rev16_text), (4 bytes).
    Removing stm32f4xx_hal_rcc_ex.o(.revsh_text), (4 bytes).
    Removing stm32f4xx_hal_rcc_ex.o(.rrx_text), (6 bytes).
    Removing stm32f4xx_hal_rcc_ex.o(i.HAL_RCCEx_DisablePLLI2S), (56 bytes).
    Removing stm32f4xx_hal_rcc_ex.o(i.HAL_RCCEx_EnablePLLI2S), (112 bytes).
    Removing stm32f4xx_hal_rcc_ex.o(i.HAL_RCCEx_GetPeriphCLKConfig), (56 bytes).
    Removing stm32f4xx_hal_rcc_ex.o(i.HAL_RCCEx_GetPeriphCLKFreq), (144 bytes).
    Removing stm32f4xx_hal_rcc_ex.o(i.HAL_RCCEx_PeriphCLKConfig), (416 bytes).
    Removing stm32f4xx_hal_rcc_ex.o(i.HAL_RCC_DeInit), (384 bytes).
    Removing stm32f4xx_hal_usart.o(.rev16_text), (4 bytes).
    Removing stm32f4xx_hal_usart.o(.revsh_text), (4 bytes).
    Removing stm32f4xx_hal_usart.o(.rrx_text), (6 bytes).
    Removing stm32f4xx_hal_usart.o(i.HAL_USART_Abort), (126 bytes).
    Removing stm32f4xx_hal_usart.o(i.HAL_USART_AbortCpltCallback), (2 bytes).
    Removing stm32f4xx_hal_usart.o(i.HAL_USART_Abort_IT), (220 bytes).
    Removing stm32f4xx_hal_usart.o(i.HAL_USART_DMAPause), (50 bytes).
    Removing stm32f4xx_hal_usart.o(i.HAL_USART_DMAResume), (50 bytes).
    Removing stm32f4xx_hal_usart.o(i.HAL_USART_DMAStop), (102 bytes).
    Removing stm32f4xx_hal_usart.o(i.HAL_USART_DeInit), (54 bytes).
    Removing stm32f4xx_hal_usart.o(i.HAL_USART_ErrorCallback), (2 bytes).
    Removing stm32f4xx_hal_usart.o(i.HAL_USART_GetError), (6 bytes).
    Removing stm32f4xx_hal_usart.o(i.HAL_USART_GetState), (8 bytes).
    Removing stm32f4xx_hal_usart.o(i.HAL_USART_IRQHandler), (392 bytes).
    Removing stm32f4xx_hal_usart.o(i.HAL_USART_Init), (90 bytes).
    Removing stm32f4xx_hal_usart.o(i.HAL_USART_MspDeInit), (2 bytes).
    Removing stm32f4xx_hal_usart.o(i.HAL_USART_MspInit), (2 bytes).
    Removing stm32f4xx_hal_usart.o(i.HAL_USART_Receive), (238 bytes).
    Removing stm32f4xx_hal_usart.o(i.HAL_USART_Receive_DMA), (248 bytes).
    Removing stm32f4xx_hal_usart.o(i.HAL_USART_Receive_IT), (108 bytes).
    Removing stm32f4xx_hal_usart.o(i.HAL_USART_RxCpltCallback), (2 bytes).
    Removing stm32f4xx_hal_usart.o(i.HAL_USART_RxHalfCpltCallback), (2 bytes).
    Removing stm32f4xx_hal_usart.o(i.HAL_USART_Transmit), (204 bytes).
    Removing stm32f4xx_hal_usart.o(i.HAL_USART_TransmitReceive), (344 bytes).
    Removing stm32f4xx_hal_usart.o(i.HAL_USART_TransmitReceive_DMA), (268 bytes).
    Removing stm32f4xx_hal_usart.o(i.HAL_USART_TransmitReceive_IT), (132 bytes).
    Removing stm32f4xx_hal_usart.o(i.HAL_USART_Transmit_DMA), (156 bytes).
    Removing stm32f4xx_hal_usart.o(i.HAL_USART_Transmit_IT), (88 bytes).
    Removing stm32f4xx_hal_usart.o(i.HAL_USART_TxCpltCallback), (2 bytes).
    Removing stm32f4xx_hal_usart.o(i.HAL_USART_TxHalfCpltCallback), (2 bytes).
    Removing stm32f4xx_hal_usart.o(i.HAL_USART_TxRxCpltCallback), (2 bytes).
    Removing stm32f4xx_hal_usart.o(i.USART_DMAAbortOnError), (20 bytes).
    Removing stm32f4xx_hal_usart.o(i.USART_DMAError), (84 bytes).
    Removing stm32f4xx_hal_usart.o(i.USART_DMAReceiveCplt), (122 bytes).
    Removing stm32f4xx_hal_usart.o(i.USART_DMARxAbortCallback), (48 bytes).
    Removing stm32f4xx_hal_usart.o(i.USART_DMARxHalfCplt), (14 bytes).
    Removing stm32f4xx_hal_usart.o(i.USART_DMATransmitCplt), (70 bytes).
    Removing stm32f4xx_hal_usart.o(i.USART_DMATxAbortCallback), (48 bytes).
    Removing stm32f4xx_hal_usart.o(i.USART_DMATxHalfCplt), (14 bytes).
    Removing stm32f4xx_hal_usart.o(i.USART_EndRxTransfer), (32 bytes).
    Removing stm32f4xx_hal_usart.o(i.USART_EndTransmit_IT), (44 bytes).
    Removing stm32f4xx_hal_usart.o(i.USART_EndTxTransfer), (20 bytes).
    Removing stm32f4xx_hal_usart.o(i.USART_Receive_IT), (166 bytes).
    Removing stm32f4xx_hal_usart.o(i.USART_SetConfig), (596 bytes).
    Removing stm32f4xx_hal_usart.o(i.USART_TransmitReceive_IT), (258 bytes).
    Removing stm32f4xx_hal_usart.o(i.USART_Transmit_IT), (96 bytes).
    Removing stm32f4xx_hal_usart.o(i.USART_WaitOnFlagUntilTimeout), (128 bytes).
    Removing stm32f4xx_hal_uart.o(.rev16_text), (4 bytes).
    Removing stm32f4xx_hal_uart.o(.revsh_text), (4 bytes).
    Removing stm32f4xx_hal_uart.o(.rrx_text), (6 bytes).
    Removing stm32f4xx_hal_uart.o(i.HAL_HalfDuplex_EnableReceiver), (68 bytes).
    Removing stm32f4xx_hal_uart.o(i.HAL_HalfDuplex_EnableTransmitter), (68 bytes).
    Removing stm32f4xx_hal_uart.o(i.HAL_HalfDuplex_Init), (118 bytes).
    Removing stm32f4xx_hal_uart.o(i.HAL_LIN_Init), (142 bytes).
    Removing stm32f4xx_hal_uart.o(i.HAL_LIN_SendBreak), (62 bytes).
    Removing stm32f4xx_hal_uart.o(i.HAL_MultiProcessor_EnterMuteMode), (62 bytes).
    Removing stm32f4xx_hal_uart.o(i.HAL_MultiProcessor_ExitMuteMode), (62 bytes).
    Removing stm32f4xx_hal_uart.o(i.HAL_MultiProcessor_Init), (154 bytes).
    Removing stm32f4xx_hal_uart.o(i.HAL_UARTEx_ReceiveToIdle), (320 bytes).
    Removing stm32f4xx_hal_uart.o(i.HAL_UARTEx_ReceiveToIdle_DMA), (114 bytes).
    Removing stm32f4xx_hal_uart.o(i.HAL_UARTEx_ReceiveToIdle_IT), (114 bytes).
    Removing stm32f4xx_hal_uart.o(i.HAL_UART_Abort), (192 bytes).
    Removing stm32f4xx_hal_uart.o(i.HAL_UART_AbortCpltCallback), (2 bytes).
    Removing stm32f4xx_hal_uart.o(i.HAL_UART_AbortReceive), (124 bytes).
    Removing stm32f4xx_hal_uart.o(i.HAL_UART_AbortReceiveCpltCallback), (2 bytes).
    Removing stm32f4xx_hal_uart.o(i.HAL_UART_AbortReceive_IT), (148 bytes).
    Removing stm32f4xx_hal_uart.o(i.HAL_UART_AbortTransmit), (90 bytes).
    Removing stm32f4xx_hal_uart.o(i.HAL_UART_AbortTransmitCpltCallback), (2 bytes).
    Removing stm32f4xx_hal_uart.o(i.HAL_UART_AbortTransmit_IT), (108 bytes).
    Removing stm32f4xx_hal_uart.o(i.HAL_UART_Abort_IT), (248 bytes).
    Removing stm32f4xx_hal_uart.o(i.HAL_UART_DMAPause), (124 bytes).
    Removing stm32f4xx_hal_uart.o(i.HAL_UART_DMAResume), (126 bytes).
    Removing stm32f4xx_hal_uart.o(i.HAL_UART_DMAStop), (102 bytes).
    Removing stm32f4xx_hal_uart.o(i.HAL_UART_DeInit), (60 bytes).
    Removing stm32f4xx_hal_uart.o(i.HAL_UART_GetError), (6 bytes).
    Removing stm32f4xx_hal_uart.o(i.HAL_UART_GetState), (20 bytes).
    Removing stm32f4xx_hal_uart.o(i.HAL_UART_MspDeInit), (2 bytes).
    Removing stm32f4xx_hal_uart.o(i.HAL_UART_MspInit), (2 bytes).
    Removing stm32f4xx_hal_uart.o(i.HAL_UART_Receive), (220 bytes).
    Removing stm32f4xx_hal_uart.o(i.HAL_UART_Receive_DMA), (66 bytes).
    Removing stm32f4xx_hal_uart.o(i.HAL_UART_RxCpltCallback), (2 bytes).
    Removing stm32f4xx_hal_uart.o(i.HAL_UART_RxHalfCpltCallback), (2 bytes).
    Removing stm32f4xx_hal_uart.o(i.HAL_UART_Transmit), (210 bytes).
    Removing stm32f4xx_hal_uart.o(i.HAL_UART_Transmit_DMA), (156 bytes).
    Removing stm32f4xx_hal_uart.o(i.HAL_UART_Transmit_IT), (88 bytes).
    Removing stm32f4xx_hal_uart.o(i.HAL_UART_TxHalfCpltCallback), (2 bytes).
    Removing stm32f4xx_hal_uart.o(i.UART_DMAError), (80 bytes).
    Removing stm32f4xx_hal_uart.o(i.UART_DMAReceiveCplt), (104 bytes).
    Removing stm32f4xx_hal_uart.o(i.UART_DMARxAbortCallback), (56 bytes).
    Removing stm32f4xx_hal_uart.o(i.UART_DMARxHalfCplt), (32 bytes).
    Removing stm32f4xx_hal_uart.o(i.UART_DMARxOnlyAbortCallback), (28 bytes).
    Removing stm32f4xx_hal_uart.o(i.UART_DMATransmitCplt), (54 bytes).
    Removing stm32f4xx_hal_uart.o(i.UART_DMATxAbortCallback), (56 bytes).
    Removing stm32f4xx_hal_uart.o(i.UART_DMATxHalfCplt), (14 bytes).
    Removing stm32f4xx_hal_uart.o(i.UART_DMATxOnlyAbortCallback), (24 bytes).
    Removing stm32f4xx_hal_uart.o(i.UART_EndTxTransfer), (20 bytes).
    Removing stm32f4xx_hal_uart.o(i.UART_Start_Receive_DMA), (152 bytes).
    Removing stm32f4xx_hal_uart.o(i.UART_WaitOnFlagUntilTimeout), (108 bytes).
    Removing led.o(.rev16_text), (4 bytes).
    Removing led.o(.revsh_text), (4 bytes).
    Removing led.o(.rrx_text), (6 bytes).
    Removing led.o(i.led_init), (152 bytes).
    Removing key.o(.rev16_text), (4 bytes).
    Removing key.o(.revsh_text), (4 bytes).
    Removing key.o(.rrx_text), (6 bytes).
    Removing key.o(i.Key_Init), (116 bytes).
    Removing key.o(i.Key_Scan), (40 bytes).
    Removing oled.o(.rev16_text), (4 bytes).
    Removing oled.o(.revsh_text), (4 bytes).
    Removing oled.o(.rrx_text), (6 bytes).
    Removing oled.o(i.OLED_Pow), (20 bytes).
    Removing oled.o(i.OLED_ShowBinInteger), (62 bytes).
    Removing oled.o(i.OLED_ShowHexInteger), (110 bytes).
    Removing oled.o(i.OLED_ShowInteger), (68 bytes).
    Removing oled.o(i.OLED_ShowSignedFloat), (124 bytes).
    Removing oled.o(i.OLED_ShowSignedInteger), (102 bytes).
    Removing oled.o(i.OLED_ShowUnsignedFloat), (640 bytes).

272 unused section(s) (total 21340 bytes) removed from the image.

==============================================================================

Image Symbol Table

    Local Symbols

    Symbol Name                              Value     Ov Type        Size  Object(Section)

    ../clib/../cmprslib/zerorunl2.c          0x00000000   Number         0  __dczerorl2.o ABSOLUTE
    ../clib/microlib/division.c              0x00000000   Number         0  uldiv.o ABSOLUTE
    ../clib/microlib/init/entry.s            0x00000000   Number         0  entry12a.o ABSOLUTE
    ../clib/microlib/init/entry.s            0x00000000   Number         0  entry11b.o ABSOLUTE
    ../clib/microlib/init/entry.s            0x00000000   Number         0  entry.o ABSOLUTE
    ../clib/microlib/init/entry.s            0x00000000   Number         0  entry11a.o ABSOLUTE
    ../clib/microlib/init/entry.s            0x00000000   Number         0  entry10b.o ABSOLUTE
    ../clib/microlib/init/entry.s            0x00000000   Number         0  entry10a.o ABSOLUTE
    ../clib/microlib/init/entry.s            0x00000000   Number         0  entry2.o ABSOLUTE
    ../clib/microlib/init/entry.s            0x00000000   Number         0  entry9b.o ABSOLUTE
    ../clib/microlib/init/entry.s            0x00000000   Number         0  entry5.o ABSOLUTE
    ../clib/microlib/init/entry.s            0x00000000   Number         0  entry7a.o ABSOLUTE
    ../clib/microlib/init/entry.s            0x00000000   Number         0  entry9a.o ABSOLUTE
    ../clib/microlib/init/entry.s            0x00000000   Number         0  entry7b.o ABSOLUTE
    ../clib/microlib/init/entry.s            0x00000000   Number         0  entry8b.o ABSOLUTE
    ../clib/microlib/init/entry.s            0x00000000   Number         0  entry12b.o ABSOLUTE
    ../clib/microlib/init/entry.s            0x00000000   Number         0  entry8a.o ABSOLUTE
    ../clib/microlib/longlong.c              0x00000000   Number         0  llushr.o ABSOLUTE
    ../clib/microlib/longlong.c              0x00000000   Number         0  llshl.o ABSOLUTE
    ../clib/microlib/string/memset.c         0x00000000   Number         0  memseta.o ABSOLUTE
    ../clib/microlib/stubs.s                 0x00000000   Number         0  useno.o ABSOLUTE
    Drivers\BSP\OLED.c                       0x00000000   Number         0  oled.o ABSOLUTE
    Drivers\BSP\key.c                        0x00000000   Number         0  key.o ABSOLUTE
    Drivers\BSP\led.c                        0x00000000   Number         0  led.o ABSOLUTE
    Drivers\CMSIS\Device\ST\STM32F4xx\Source\Templates\arm\startup_stm32f407xx.s 0x00000000   Number         0  startup_stm32f407xx.o ABSOLUTE
    Drivers\STM32F4xx_HAL_Driver\Src\stm32f4xx_hal.c 0x00000000   Number         0  stm32f4xx_hal.o ABSOLUTE
    Drivers\STM32F4xx_HAL_Driver\Src\stm32f4xx_hal_cortex.c 0x00000000   Number         0  stm32f4xx_hal_cortex.o ABSOLUTE
    Drivers\STM32F4xx_HAL_Driver\Src\stm32f4xx_hal_dma.c 0x00000000   Number         0  stm32f4xx_hal_dma.o ABSOLUTE
    Drivers\STM32F4xx_HAL_Driver\Src\stm32f4xx_hal_dma_ex.c 0x00000000   Number         0  stm32f4xx_hal_dma_ex.o ABSOLUTE
    Drivers\STM32F4xx_HAL_Driver\Src\stm32f4xx_hal_gpio.c 0x00000000   Number         0  stm32f4xx_hal_gpio.o ABSOLUTE
    Drivers\STM32F4xx_HAL_Driver\Src\stm32f4xx_hal_pwr.c 0x00000000   Number         0  stm32f4xx_hal_pwr.o ABSOLUTE
    Drivers\STM32F4xx_HAL_Driver\Src\stm32f4xx_hal_pwr_ex.c 0x00000000   Number         0  stm32f4xx_hal_pwr_ex.o ABSOLUTE
    Drivers\STM32F4xx_HAL_Driver\Src\stm32f4xx_hal_rcc.c 0x00000000   Number         0  stm32f4xx_hal_rcc.o ABSOLUTE
    Drivers\STM32F4xx_HAL_Driver\Src\stm32f4xx_hal_rcc_ex.c 0x00000000   Number         0  stm32f4xx_hal_rcc_ex.o ABSOLUTE
    Drivers\STM32F4xx_HAL_Driver\Src\stm32f4xx_hal_uart.c 0x00000000   Number         0  stm32f4xx_hal_uart.o ABSOLUTE
    Drivers\STM32F4xx_HAL_Driver\Src\stm32f4xx_hal_usart.c 0x00000000   Number         0  stm32f4xx_hal_usart.o ABSOLUTE
    Drivers\SYSTEM\delay.c                   0x00000000   Number         0  delay.o ABSOLUTE
    Drivers\SYSTEM\sys.c                     0x00000000   Number         0  sys.o ABSOLUTE
    Drivers\SYSTEM\usart.c                   0x00000000   Number         0  usart.o ABSOLUTE
    Drivers\\BSP\\OLED.c                     0x00000000   Number         0  oled.o ABSOLUTE
    Drivers\\BSP\\key.c                      0x00000000   Number         0  key.o ABSOLUTE
    Drivers\\BSP\\led.c                      0x00000000   Number         0  led.o ABSOLUTE
    Drivers\\STM32F4xx_HAL_Driver\\Src\\stm32f4xx_hal.c 0x00000000   Number         0  stm32f4xx_hal.o ABSOLUTE
    Drivers\\STM32F4xx_HAL_Driver\\Src\\stm32f4xx_hal_cortex.c 0x00000000   Number         0  stm32f4xx_hal_cortex.o ABSOLUTE
    Drivers\\STM32F4xx_HAL_Driver\\Src\\stm32f4xx_hal_dma.c 0x00000000   Number         0  stm32f4xx_hal_dma.o ABSOLUTE
    Drivers\\STM32F4xx_HAL_Driver\\Src\\stm32f4xx_hal_dma_ex.c 0x00000000   Number         0  stm32f4xx_hal_dma_ex.o ABSOLUTE
    Drivers\\STM32F4xx_HAL_Driver\\Src\\stm32f4xx_hal_gpio.c 0x00000000   Number         0  stm32f4xx_hal_gpio.o ABSOLUTE
    Drivers\\STM32F4xx_HAL_Driver\\Src\\stm32f4xx_hal_pwr.c 0x00000000   Number         0  stm32f4xx_hal_pwr.o ABSOLUTE
    Drivers\\STM32F4xx_HAL_Driver\\Src\\stm32f4xx_hal_pwr_ex.c 0x00000000   Number         0  stm32f4xx_hal_pwr_ex.o ABSOLUTE
    Drivers\\STM32F4xx_HAL_Driver\\Src\\stm32f4xx_hal_rcc.c 0x00000000   Number         0  stm32f4xx_hal_rcc.o ABSOLUTE
    Drivers\\STM32F4xx_HAL_Driver\\Src\\stm32f4xx_hal_rcc_ex.c 0x00000000   Number         0  stm32f4xx_hal_rcc_ex.o ABSOLUTE
    Drivers\\STM32F4xx_HAL_Driver\\Src\\stm32f4xx_hal_uart.c 0x00000000   Number         0  stm32f4xx_hal_uart.o ABSOLUTE
    Drivers\\STM32F4xx_HAL_Driver\\Src\\stm32f4xx_hal_usart.c 0x00000000   Number         0  stm32f4xx_hal_usart.o ABSOLUTE
    Drivers\\SYSTEM\\delay.c                 0x00000000   Number         0  delay.o ABSOLUTE
    Drivers\\SYSTEM\\sys.c                   0x00000000   Number         0  sys.o ABSOLUTE
    Drivers\\SYSTEM\\usart.c                 0x00000000   Number         0  usart.o ABSOLUTE
    User\\main.c                             0x00000000   Number         0  main.o ABSOLUTE
    User\\stm32f4xx_it.c                     0x00000000   Number         0  stm32f4xx_it.o ABSOLUTE
    User\\system_stm32f4xx.c                 0x00000000   Number         0  system_stm32f4xx.o ABSOLUTE
    User\main.c                              0x00000000   Number         0  main.o ABSOLUTE
    User\stm32f4xx_it.c                      0x00000000   Number         0  stm32f4xx_it.o ABSOLUTE
    User\system_stm32f4xx.c                  0x00000000   Number         0  system_stm32f4xx.o ABSOLUTE
    dc.s                                     0x00000000   Number         0  dc.o ABSOLUTE
    handlers.s                               0x00000000   Number         0  handlers.o ABSOLUTE
    init.s                                   0x00000000   Number         0  init.o ABSOLUTE
    RESET                                    0x08000000   Section      392  startup_stm32f407xx.o(RESET)
    .ARM.Collect$$$$00000000                 0x08000188   Section        0  entry.o(.ARM.Collect$$$$00000000)
    .ARM.Collect$$$$00000001                 0x08000188   Section        4  entry2.o(.ARM.Collect$$$$00000001)
    .ARM.Collect$$$$00000004                 0x0800018c   Section        4  entry5.o(.ARM.Collect$$$$00000004)
    .ARM.Collect$$$$00000008                 0x08000190   Section        0  entry7b.o(.ARM.Collect$$$$00000008)
    .ARM.Collect$$$$0000000A                 0x08000190   Section        0  entry8b.o(.ARM.Collect$$$$0000000A)
    .ARM.Collect$$$$0000000B                 0x08000190   Section        8  entry9a.o(.ARM.Collect$$$$0000000B)
    .ARM.Collect$$$$0000000E                 0x08000198   Section        4  entry12b.o(.ARM.Collect$$$$0000000E)
    .ARM.Collect$$$$0000000F                 0x0800019c   Section        0  entry10a.o(.ARM.Collect$$$$0000000F)
    .ARM.Collect$$$$00000011                 0x0800019c   Section        0  entry11a.o(.ARM.Collect$$$$00000011)
    .ARM.Collect$$$$00002712                 0x0800019c   Section        4  entry2.o(.ARM.Collect$$$$00002712)
    __lit__00000000                          0x0800019c   Data           4  entry2.o(.ARM.Collect$$$$00002712)
    .text                                    0x080001a0   Section       52  startup_stm32f407xx.o(.text)
    $v0                                      0x080001a0   Number         0  startup_stm32f407xx.o(.text)
    .text                                    0x080001d4   Section        0  uldiv.o(.text)
    .text                                    0x08000236   Section        0  memseta.o(.text)
    .text                                    0x0800025a   Section        0  llshl.o(.text)
    .text                                    0x08000278   Section        0  llushr.o(.text)
    .text                                    0x08000298   Section       36  init.o(.text)
    .text                                    0x080002bc   Section        0  __dczerorl2.o(.text)
    i.BusFault_Handler                       0x08000312   Section        0  stm32f4xx_it.o(i.BusFault_Handler)
    i.DebugMon_Handler                       0x08000316   Section        0  stm32f4xx_it.o(i.DebugMon_Handler)
    i.HAL_DMA_Abort                          0x08000318   Section        0  stm32f4xx_hal_dma.o(i.HAL_DMA_Abort)
    i.HAL_DMA_Abort_IT                       0x080003c2   Section        0  stm32f4xx_hal_dma.o(i.HAL_DMA_Abort_IT)
    i.HAL_GPIO_Init                          0x080003ec   Section        0  stm32f4xx_hal_gpio.o(i.HAL_GPIO_Init)
    i.HAL_GPIO_ReadPin                       0x080005f0   Section        0  stm32f4xx_hal_gpio.o(i.HAL_GPIO_ReadPin)
    i.HAL_GPIO_WritePin                      0x08000600   Section        0  stm32f4xx_hal_gpio.o(i.HAL_GPIO_WritePin)
    i.HAL_GetREVID                           0x0800060c   Section        0  stm32f4xx_hal.o(i.HAL_GetREVID)
    i.HAL_GetTick                            0x08000618   Section        0  stm32f4xx_hal.o(i.HAL_GetTick)
    i.HAL_IncTick                            0x08000624   Section        0  stm32f4xx_hal.o(i.HAL_IncTick)
    i.HAL_Init                               0x0800063c   Section        0  stm32f4xx_hal.o(i.HAL_Init)
    i.HAL_InitTick                           0x0800066c   Section        0  stm32f4xx_hal.o(i.HAL_InitTick)
    i.HAL_MspInit                            0x080006b8   Section        0  stm32f4xx_hal.o(i.HAL_MspInit)
    i.HAL_NVIC_EnableIRQ                     0x080006ba   Section        0  stm32f4xx_hal_cortex.o(i.HAL_NVIC_EnableIRQ)
    i.HAL_NVIC_SetPriority                   0x080006da   Section        0  stm32f4xx_hal_cortex.o(i.HAL_NVIC_SetPriority)
    i.HAL_NVIC_SetPriorityGrouping           0x08000758   Section        0  stm32f4xx_hal_cortex.o(i.HAL_NVIC_SetPriorityGrouping)
    i.HAL_RCC_ClockConfig                    0x08000780   Section        0  stm32f4xx_hal_rcc.o(i.HAL_RCC_ClockConfig)
    i.HAL_RCC_GetHCLKFreq                    0x08000904   Section        0  stm32f4xx_hal_rcc.o(i.HAL_RCC_GetHCLKFreq)
    i.HAL_RCC_GetPCLK1Freq                   0x08000910   Section        0  stm32f4xx_hal_rcc.o(i.HAL_RCC_GetPCLK1Freq)
    i.HAL_RCC_GetPCLK2Freq                   0x08000930   Section        0  stm32f4xx_hal_rcc.o(i.HAL_RCC_GetPCLK2Freq)
    i.HAL_RCC_GetSysClockFreq                0x08000950   Section        0  stm32f4xx_hal_rcc.o(i.HAL_RCC_GetSysClockFreq)
    i.HAL_RCC_OscConfig                      0x08000a00   Section        0  stm32f4xx_hal_rcc.o(i.HAL_RCC_OscConfig)
    i.HAL_SYSTICK_Config                     0x08000e9c   Section        0  stm32f4xx_hal_cortex.o(i.HAL_SYSTICK_Config)
    i.HAL_UARTEx_RxEventCallback             0x08000ed0   Section        0  stm32f4xx_hal_uart.o(i.HAL_UARTEx_RxEventCallback)
    i.HAL_UART_ErrorCallback                 0x08000ed2   Section        0  stm32f4xx_hal_uart.o(i.HAL_UART_ErrorCallback)
    i.HAL_UART_IRQHandler                    0x08000ed4   Section        0  stm32f4xx_hal_uart.o(i.HAL_UART_IRQHandler)
    i.HAL_UART_Init                          0x08001124   Section        0  stm32f4xx_hal_uart.o(i.HAL_UART_Init)
    i.HAL_UART_MspInit                       0x08001198   Section        0  usart.o(i.HAL_UART_MspInit)
    i.HAL_UART_Receive_IT                    0x08001264   Section        0  stm32f4xx_hal_uart.o(i.HAL_UART_Receive_IT)
    i.HAL_UART_RxCpltCallback                0x080012a8   Section        0  usart.o(i.HAL_UART_RxCpltCallback)
    i.HAL_UART_TxCpltCallback                0x08001344   Section        0  stm32f4xx_hal_uart.o(i.HAL_UART_TxCpltCallback)
    i.HardFault_Handler                      0x08001346   Section        0  stm32f4xx_it.o(i.HardFault_Handler)
    i.Key1_HasBeenClicked                    0x0800134c   Section        0  key.o(i.Key1_HasBeenClicked)
    i.Key2_HasBeenClicked                    0x08001380   Section        0  key.o(i.Key2_HasBeenClicked)
    i.Key3_HasBeenClicked                    0x080013b4   Section        0  key.o(i.Key3_HasBeenClicked)
    i.Key4_HasBeenClicked                    0x080013e8   Section        0  key.o(i.Key4_HasBeenClicked)
    i.MemManage_Handler                      0x0800141c   Section        0  stm32f4xx_it.o(i.MemManage_Handler)
    i.NMI_Handler                            0x08001420   Section        0  stm32f4xx_it.o(i.NMI_Handler)
    i.OLED_Clear                             0x08001422   Section        0  oled.o(i.OLED_Clear)
    i.OLED_I2C_Init                          0x0800144c   Section        0  oled.o(i.OLED_I2C_Init)
    i.OLED_I2C_SendByte                      0x080014a8   Section        0  oled.o(i.OLED_I2C_SendByte)
    i.OLED_I2C_Start                         0x080014fc   Section        0  oled.o(i.OLED_I2C_Start)
    i.OLED_I2C_Stop                          0x08001530   Section        0  oled.o(i.OLED_I2C_Stop)
    i.OLED_Init                              0x08001558   Section        0  oled.o(i.OLED_Init)
    i.OLED_SetCursor                         0x08001606   Section        0  oled.o(i.OLED_SetCursor)
    i.OLED_ShowCharacter                     0x08001628   Section        0  oled.o(i.OLED_ShowCharacter)
    i.OLED_ShowString                        0x0800169c   Section        0  oled.o(i.OLED_ShowString)
    i.OLED_WriteCommand                      0x080016c4   Section        0  oled.o(i.OLED_WriteCommand)
    i.OLED_WriteData                         0x080016e4   Section        0  oled.o(i.OLED_WriteData)
    i.PendSV_Handler                         0x08001704   Section        0  stm32f4xx_it.o(i.PendSV_Handler)
    i.SVC_Handler                            0x08001706   Section        0  stm32f4xx_it.o(i.SVC_Handler)
    i.Show_Cities                            0x08001708   Section        0  main.o(i.Show_Cities)
    i.Show_Provinces                         0x0800181c   Section        0  main.o(i.Show_Provinces)
    i.SysTick_Handler                        0x08001894   Section        0  stm32f4xx_it.o(i.SysTick_Handler)
    i.SystemInit                             0x0800189c   Section        0  system_stm32f4xx.o(i.SystemInit)
    i.UART_DMAAbortOnError                   0x080018b0   Section        0  stm32f4xx_hal_uart.o(i.UART_DMAAbortOnError)
    UART_DMAAbortOnError                     0x080018b1   Thumb Code    20  stm32f4xx_hal_uart.o(i.UART_DMAAbortOnError)
    i.UART_EndRxTransfer                     0x080018c4   Section        0  stm32f4xx_hal_uart.o(i.UART_EndRxTransfer)
    UART_EndRxTransfer                       0x080018c5   Thumb Code    54  stm32f4xx_hal_uart.o(i.UART_EndRxTransfer)
    i.UART_EndTransmit_IT                    0x080018fa   Section        0  stm32f4xx_hal_uart.o(i.UART_EndTransmit_IT)
    UART_EndTransmit_IT                      0x080018fb   Thumb Code    32  stm32f4xx_hal_uart.o(i.UART_EndTransmit_IT)
    i.UART_Receive_IT                        0x0800191a   Section        0  stm32f4xx_hal_uart.o(i.UART_Receive_IT)
    UART_Receive_IT                          0x0800191b   Thumb Code   190  stm32f4xx_hal_uart.o(i.UART_Receive_IT)
    i.UART_SetConfig                         0x080019d8   Section        0  stm32f4xx_hal_uart.o(i.UART_SetConfig)
    UART_SetConfig                           0x080019d9   Thumb Code   546  stm32f4xx_hal_uart.o(i.UART_SetConfig)
    i.UART_Start_Receive_IT                  0x08001c04   Section        0  stm32f4xx_hal_uart.o(i.UART_Start_Receive_IT)
    i.UART_Transmit_IT                       0x08001c4a   Section        0  stm32f4xx_hal_uart.o(i.UART_Transmit_IT)
    UART_Transmit_IT                         0x08001c4b   Thumb Code    96  stm32f4xx_hal_uart.o(i.UART_Transmit_IT)
    i.USART1_IRQHandler                      0x08001cac   Section        0  usart.o(i.USART1_IRQHandler)
    i.UsageFault_Handler                     0x08001cbc   Section        0  stm32f4xx_it.o(i.UsageFault_Handler)
    i.__NVIC_GetPriorityGrouping             0x08001cc0   Section        0  stm32f4xx_hal_cortex.o(i.__NVIC_GetPriorityGrouping)
    __NVIC_GetPriorityGrouping               0x08001cc1   Thumb Code    10  stm32f4xx_hal_cortex.o(i.__NVIC_GetPriorityGrouping)
    i.__NVIC_SetPriority                     0x08001cd0   Section        0  stm32f4xx_hal_cortex.o(i.__NVIC_SetPriority)
    __NVIC_SetPriority                       0x08001cd1   Thumb Code    32  stm32f4xx_hal_cortex.o(i.__NVIC_SetPriority)
    i.__scatterload_copy                     0x08001cf8   Section       14  handlers.o(i.__scatterload_copy)
    i.__scatterload_null                     0x08001d06   Section        2  handlers.o(i.__scatterload_null)
    i.__scatterload_zeroinit                 0x08001d08   Section       14  handlers.o(i.__scatterload_zeroinit)
    i.delay_init                             0x08001d18   Section        0  delay.o(i.delay_init)
    i.delay_us                               0x08001d24   Section        0  delay.o(i.delay_us)
    i.main                                   0x08001d6c   Section        0  main.o(i.main)
    i.sys_stm32_clock_init                   0x08001e68   Section        0  sys.o(i.sys_stm32_clock_init)
    i.usart_init                             0x08001f44   Section        0  usart.o(i.usart_init)
    .constdata                               0x08001f7c   Section       24  system_stm32f4xx.o(.constdata)
    .data                                    0x20000000   Section        3  main.o(.data)
    .data                                    0x20000004   Section        4  system_stm32f4xx.o(.data)
    .data                                    0x20000008   Section        4  delay.o(.data)
    g_fac_us                                 0x20000008   Data           4  delay.o(.data)
    .data                                    0x2000000c   Section        7  usart.o(.data)
    .data                                    0x20000014   Section        9  stm32f4xx_hal.o(.data)
    .data                                    0x2000001d   Section     1520  oled.o(.data)
    .bss                                     0x20000610   Section      268  usart.o(.bss)
    STACK                                    0x20000720   Section     1024  startup_stm32f407xx.o(STACK)

    Global Symbols

    Symbol Name                              Value     Ov Type        Size  Object(Section)

    BuildAttributes$$THM_ISAv4$E$P$D$K$B$S$7EM$VFPi3$EXTD16$VFPS$VFMA$PE$A:L22UL41UL21$X:L11$S22US41US21$IEEE1$IW$USESV6$~STKCKD$USESV7$~SHL$OSPACE$EBA8$MICROLIB$REQ8$PRES8$EABIv2 0x00000000   Number         0  anon$$obj.o ABSOLUTE
    __ARM_use_no_argv                        0x00000000   Number         0  main.o ABSOLUTE
    __use_no_errno                           0x00000000   Number         0  useno.o ABSOLUTE
    __use_no_exception_handling              0x00000000   Number         0  useno.o ABSOLUTE
    __use_no_fp                              0x00000000   Number         0  useno.o ABSOLUTE
    __use_no_heap                            0x00000000   Number         0  useno.o ABSOLUTE
    __use_no_heap_region                     0x00000000   Number         0  useno.o ABSOLUTE
    __use_no_semihosting                     0x00000000   Number         0  useno.o ABSOLUTE
    __use_no_semihosting_swi                 0x00000000   Number         0  useno.o ABSOLUTE
    __use_no_signal_handling                 0x00000000   Number         0  useno.o ABSOLUTE
    __arm_fini_                               - Undefined Weak Reference
    __cpp_initialize__aeabi_                  - Undefined Weak Reference
    __cxa_finalize                            - Undefined Weak Reference
    _clock_init                               - Undefined Weak Reference
    _microlib_exit                            - Undefined Weak Reference
    __Vectors_Size                           0x00000188   Number         0  startup_stm32f407xx.o ABSOLUTE
    __Vectors                                0x08000000   Data           4  startup_stm32f407xx.o(RESET)
    __Vectors_End                            0x08000188   Data           0  startup_stm32f407xx.o(RESET)
    __main                                   0x08000189   Thumb Code     0  entry.o(.ARM.Collect$$$$00000000)
    _main_stk                                0x08000189   Thumb Code     0  entry2.o(.ARM.Collect$$$$00000001)
    _main_scatterload                        0x0800018d   Thumb Code     0  entry5.o(.ARM.Collect$$$$00000004)
    __main_after_scatterload                 0x08000191   Thumb Code     0  entry5.o(.ARM.Collect$$$$00000004)
    _main_clock                              0x08000191   Thumb Code     0  entry7b.o(.ARM.Collect$$$$00000008)
    _main_cpp_init                           0x08000191   Thumb Code     0  entry8b.o(.ARM.Collect$$$$0000000A)
    _main_init                               0x08000191   Thumb Code     0  entry9a.o(.ARM.Collect$$$$0000000B)
    __rt_lib_shutdown_fini                   0x08000199   Thumb Code     0  entry12b.o(.ARM.Collect$$$$0000000E)
    __rt_final_cpp                           0x0800019d   Thumb Code     0  entry10a.o(.ARM.Collect$$$$0000000F)
    __rt_final_exit                          0x0800019d   Thumb Code     0  entry11a.o(.ARM.Collect$$$$00000011)
    Reset_Handler                            0x080001a1   Thumb Code    18  startup_stm32f407xx.o(.text)
    ADC_IRQHandler                           0x080001c5   Thumb Code     0  startup_stm32f407xx.o(.text)
    CAN1_RX0_IRQHandler                      0x080001c5   Thumb Code     0  startup_stm32f407xx.o(.text)
    CAN1_RX1_IRQHandler                      0x080001c5   Thumb Code     0  startup_stm32f407xx.o(.text)
    CAN1_SCE_IRQHandler                      0x080001c5   Thumb Code     0  startup_stm32f407xx.o(.text)
    CAN1_TX_IRQHandler                       0x080001c5   Thumb Code     0  startup_stm32f407xx.o(.text)
    CAN2_RX0_IRQHandler                      0x080001c5   Thumb Code     0  startup_stm32f407xx.o(.text)
    CAN2_RX1_IRQHandler                      0x080001c5   Thumb Code     0  startup_stm32f407xx.o(.text)
    CAN2_SCE_IRQHandler                      0x080001c5   Thumb Code     0  startup_stm32f407xx.o(.text)
    CAN2_TX_IRQHandler                       0x080001c5   Thumb Code     0  startup_stm32f407xx.o(.text)
    DCMI_IRQHandler                          0x080001c5   Thumb Code     0  startup_stm32f407xx.o(.text)
    DMA1_Stream0_IRQHandler                  0x080001c5   Thumb Code     0  startup_stm32f407xx.o(.text)
    DMA1_Stream1_IRQHandler                  0x080001c5   Thumb Code     0  startup_stm32f407xx.o(.text)
    DMA1_Stream2_IRQHandler                  0x080001c5   Thumb Code     0  startup_stm32f407xx.o(.text)
    DMA1_Stream3_IRQHandler                  0x080001c5   Thumb Code     0  startup_stm32f407xx.o(.text)
    DMA1_Stream4_IRQHandler                  0x080001c5   Thumb Code     0  startup_stm32f407xx.o(.text)
    DMA1_Stream5_IRQHandler                  0x080001c5   Thumb Code     0  startup_stm32f407xx.o(.text)
    DMA1_Stream6_IRQHandler                  0x080001c5   Thumb Code     0  startup_stm32f407xx.o(.text)
    DMA1_Stream7_IRQHandler                  0x080001c5   Thumb Code     0  startup_stm32f407xx.o(.text)
    DMA2_Stream0_IRQHandler                  0x080001c5   Thumb Code     0  startup_stm32f407xx.o(.text)
    DMA2_Stream1_IRQHandler                  0x080001c5   Thumb Code     0  startup_stm32f407xx.o(.text)
    DMA2_Stream2_IRQHandler                  0x080001c5   Thumb Code     0  startup_stm32f407xx.o(.text)
    DMA2_Stream3_IRQHandler                  0x080001c5   Thumb Code     0  startup_stm32f407xx.o(.text)
    DMA2_Stream4_IRQHandler                  0x080001c5   Thumb Code     0  startup_stm32f407xx.o(.text)
    DMA2_Stream5_IRQHandler                  0x080001c5   Thumb Code     0  startup_stm32f407xx.o(.text)
    DMA2_Stream6_IRQHandler                  0x080001c5   Thumb Code     0  startup_stm32f407xx.o(.text)
    DMA2_Stream7_IRQHandler                  0x080001c5   Thumb Code     0  startup_stm32f407xx.o(.text)
    ETH_IRQHandler                           0x080001c5   Thumb Code     0  startup_stm32f407xx.o(.text)
    ETH_WKUP_IRQHandler                      0x080001c5   Thumb Code     0  startup_stm32f407xx.o(.text)
    EXTI0_IRQHandler                         0x080001c5   Thumb Code     0  startup_stm32f407xx.o(.text)
    EXTI15_10_IRQHandler                     0x080001c5   Thumb Code     0  startup_stm32f407xx.o(.text)
    EXTI1_IRQHandler                         0x080001c5   Thumb Code     0  startup_stm32f407xx.o(.text)
    EXTI2_IRQHandler                         0x080001c5   Thumb Code     0  startup_stm32f407xx.o(.text)
    EXTI3_IRQHandler                         0x080001c5   Thumb Code     0  startup_stm32f407xx.o(.text)
    EXTI4_IRQHandler                         0x080001c5   Thumb Code     0  startup_stm32f407xx.o(.text)
    EXTI9_5_IRQHandler                       0x080001c5   Thumb Code     0  startup_stm32f407xx.o(.text)
    FLASH_IRQHandler                         0x080001c5   Thumb Code     0  startup_stm32f407xx.o(.text)
    FMC_IRQHandler                           0x080001c5   Thumb Code     0  startup_stm32f407xx.o(.text)
    FPU_IRQHandler                           0x080001c5   Thumb Code     0  startup_stm32f407xx.o(.text)
    HASH_RNG_IRQHandler                      0x080001c5   Thumb Code     0  startup_stm32f407xx.o(.text)
    I2C1_ER_IRQHandler                       0x080001c5   Thumb Code     0  startup_stm32f407xx.o(.text)
    I2C1_EV_IRQHandler                       0x080001c5   Thumb Code     0  startup_stm32f407xx.o(.text)
    I2C2_ER_IRQHandler                       0x080001c5   Thumb Code     0  startup_stm32f407xx.o(.text)
    I2C2_EV_IRQHandler                       0x080001c5   Thumb Code     0  startup_stm32f407xx.o(.text)
    I2C3_ER_IRQHandler                       0x080001c5   Thumb Code     0  startup_stm32f407xx.o(.text)
    I2C3_EV_IRQHandler                       0x080001c5   Thumb Code     0  startup_stm32f407xx.o(.text)
    OTG_FS_IRQHandler                        0x080001c5   Thumb Code     0  startup_stm32f407xx.o(.text)
    OTG_FS_WKUP_IRQHandler                   0x080001c5   Thumb Code     0  startup_stm32f407xx.o(.text)
    OTG_HS_EP1_IN_IRQHandler                 0x080001c5   Thumb Code     0  startup_stm32f407xx.o(.text)
    OTG_HS_EP1_OUT_IRQHandler                0x080001c5   Thumb Code     0  startup_stm32f407xx.o(.text)
    OTG_HS_IRQHandler                        0x080001c5   Thumb Code     0  startup_stm32f407xx.o(.text)
    OTG_HS_WKUP_IRQHandler                   0x080001c5   Thumb Code     0  startup_stm32f407xx.o(.text)
    PVD_IRQHandler                           0x080001c5   Thumb Code     0  startup_stm32f407xx.o(.text)
    RCC_IRQHandler                           0x080001c5   Thumb Code     0  startup_stm32f407xx.o(.text)
    RTC_Alarm_IRQHandler                     0x080001c5   Thumb Code     0  startup_stm32f407xx.o(.text)
    RTC_WKUP_IRQHandler                      0x080001c5   Thumb Code     0  startup_stm32f407xx.o(.text)
    SDIO_IRQHandler                          0x080001c5   Thumb Code     0  startup_stm32f407xx.o(.text)
    SPI1_IRQHandler                          0x080001c5   Thumb Code     0  startup_stm32f407xx.o(.text)
    SPI2_IRQHandler                          0x080001c5   Thumb Code     0  startup_stm32f407xx.o(.text)
    SPI3_IRQHandler                          0x080001c5   Thumb Code     0  startup_stm32f407xx.o(.text)
    TAMP_STAMP_IRQHandler                    0x080001c5   Thumb Code     0  startup_stm32f407xx.o(.text)
    TIM1_BRK_TIM9_IRQHandler                 0x080001c5   Thumb Code     0  startup_stm32f407xx.o(.text)
    TIM1_CC_IRQHandler                       0x080001c5   Thumb Code     0  startup_stm32f407xx.o(.text)
    TIM1_TRG_COM_TIM11_IRQHandler            0x080001c5   Thumb Code     0  startup_stm32f407xx.o(.text)
    TIM1_UP_TIM10_IRQHandler                 0x080001c5   Thumb Code     0  startup_stm32f407xx.o(.text)
    TIM2_IRQHandler                          0x080001c5   Thumb Code     0  startup_stm32f407xx.o(.text)
    TIM3_IRQHandler                          0x080001c5   Thumb Code     0  startup_stm32f407xx.o(.text)
    TIM4_IRQHandler                          0x080001c5   Thumb Code     0  startup_stm32f407xx.o(.text)
    TIM5_IRQHandler                          0x080001c5   Thumb Code     0  startup_stm32f407xx.o(.text)
    TIM6_DAC_IRQHandler                      0x080001c5   Thumb Code     0  startup_stm32f407xx.o(.text)
    TIM7_IRQHandler                          0x080001c5   Thumb Code     0  startup_stm32f407xx.o(.text)
    TIM8_BRK_TIM12_IRQHandler                0x080001c5   Thumb Code     0  startup_stm32f407xx.o(.text)
    TIM8_CC_IRQHandler                       0x080001c5   Thumb Code     0  startup_stm32f407xx.o(.text)
    TIM8_TRG_COM_TIM14_IRQHandler            0x080001c5   Thumb Code     0  startup_stm32f407xx.o(.text)
    TIM8_UP_TIM13_IRQHandler                 0x080001c5   Thumb Code     0  startup_stm32f407xx.o(.text)
    UART4_IRQHandler                         0x080001c5   Thumb Code     0  startup_stm32f407xx.o(.text)
    UART5_IRQHandler                         0x080001c5   Thumb Code     0  startup_stm32f407xx.o(.text)
    USART2_IRQHandler                        0x080001c5   Thumb Code     0  startup_stm32f407xx.o(.text)
    USART3_IRQHandler                        0x080001c5   Thumb Code     0  startup_stm32f407xx.o(.text)
    USART6_IRQHandler                        0x080001c5   Thumb Code     0  startup_stm32f407xx.o(.text)
    WWDG_IRQHandler                          0x080001c5   Thumb Code     0  startup_stm32f407xx.o(.text)
    __aeabi_uldivmod                         0x080001d5   Thumb Code    98  uldiv.o(.text)
    __aeabi_memset                           0x08000237   Thumb Code    14  memseta.o(.text)
    __aeabi_memset4                          0x08000237   Thumb Code     0  memseta.o(.text)
    __aeabi_memset8                          0x08000237   Thumb Code     0  memseta.o(.text)
    __aeabi_memclr                           0x08000245   Thumb Code     4  memseta.o(.text)
    __aeabi_memclr4                          0x08000245   Thumb Code     0  memseta.o(.text)
    __aeabi_memclr8                          0x08000245   Thumb Code     0  memseta.o(.text)
    _memset$wrapper                          0x08000249   Thumb Code    18  memseta.o(.text)
    __aeabi_llsl                             0x0800025b   Thumb Code    30  llshl.o(.text)
    _ll_shift_l                              0x0800025b   Thumb Code     0  llshl.o(.text)
    __aeabi_llsr                             0x08000279   Thumb Code    32  llushr.o(.text)
    _ll_ushift_r                             0x08000279   Thumb Code     0  llushr.o(.text)
    __scatterload                            0x08000299   Thumb Code    28  init.o(.text)
    __scatterload_rt2                        0x08000299   Thumb Code     0  init.o(.text)
    __decompress                             0x080002bd   Thumb Code     0  __dczerorl2.o(.text)
    __decompress1                            0x080002bd   Thumb Code    86  __dczerorl2.o(.text)
    BusFault_Handler                         0x08000313   Thumb Code     4  stm32f4xx_it.o(i.BusFault_Handler)
    DebugMon_Handler                         0x08000317   Thumb Code     2  stm32f4xx_it.o(i.DebugMon_Handler)
    HAL_DMA_Abort                            0x08000319   Thumb Code   170  stm32f4xx_hal_dma.o(i.HAL_DMA_Abort)
    HAL_DMA_Abort_IT                         0x080003c3   Thumb Code    40  stm32f4xx_hal_dma.o(i.HAL_DMA_Abort_IT)
    HAL_GPIO_Init                            0x080003ed   Thumb Code   470  stm32f4xx_hal_gpio.o(i.HAL_GPIO_Init)
    HAL_GPIO_ReadPin                         0x080005f1   Thumb Code    16  stm32f4xx_hal_gpio.o(i.HAL_GPIO_ReadPin)
    HAL_GPIO_WritePin                        0x08000601   Thumb Code    12  stm32f4xx_hal_gpio.o(i.HAL_GPIO_WritePin)
    HAL_GetREVID                             0x0800060d   Thumb Code     8  stm32f4xx_hal.o(i.HAL_GetREVID)
    HAL_GetTick                              0x08000619   Thumb Code     6  stm32f4xx_hal.o(i.HAL_GetTick)
    HAL_IncTick                              0x08000625   Thumb Code    16  stm32f4xx_hal.o(i.HAL_IncTick)
    HAL_Init                                 0x0800063d   Thumb Code    44  stm32f4xx_hal.o(i.HAL_Init)
    HAL_InitTick                             0x0800066d   Thumb Code    64  stm32f4xx_hal.o(i.HAL_InitTick)
    HAL_MspInit                              0x080006b9   Thumb Code     2  stm32f4xx_hal.o(i.HAL_MspInit)
    HAL_NVIC_EnableIRQ                       0x080006bb   Thumb Code    32  stm32f4xx_hal_cortex.o(i.HAL_NVIC_EnableIRQ)
    HAL_NVIC_SetPriority                     0x080006db   Thumb Code   124  stm32f4xx_hal_cortex.o(i.HAL_NVIC_SetPriority)
    HAL_NVIC_SetPriorityGrouping             0x08000759   Thumb Code    32  stm32f4xx_hal_cortex.o(i.HAL_NVIC_SetPriorityGrouping)
    HAL_RCC_ClockConfig                      0x08000781   Thumb Code   368  stm32f4xx_hal_rcc.o(i.HAL_RCC_ClockConfig)
    HAL_RCC_GetHCLKFreq                      0x08000905   Thumb Code     6  stm32f4xx_hal_rcc.o(i.HAL_RCC_GetHCLKFreq)
    HAL_RCC_GetPCLK1Freq                     0x08000911   Thumb Code    22  stm32f4xx_hal_rcc.o(i.HAL_RCC_GetPCLK1Freq)
    HAL_RCC_GetPCLK2Freq                     0x08000931   Thumb Code    22  stm32f4xx_hal_rcc.o(i.HAL_RCC_GetPCLK2Freq)
    HAL_RCC_GetSysClockFreq                  0x08000951   Thumb Code   162  stm32f4xx_hal_rcc.o(i.HAL_RCC_GetSysClockFreq)
    HAL_RCC_OscConfig                        0x08000a01   Thumb Code  1172  stm32f4xx_hal_rcc.o(i.HAL_RCC_OscConfig)
    HAL_SYSTICK_Config                       0x08000e9d   Thumb Code    52  stm32f4xx_hal_cortex.o(i.HAL_SYSTICK_Config)
    HAL_UARTEx_RxEventCallback               0x08000ed1   Thumb Code     2  stm32f4xx_hal_uart.o(i.HAL_UARTEx_RxEventCallback)
    HAL_UART_ErrorCallback                   0x08000ed3   Thumb Code     2  stm32f4xx_hal_uart.o(i.HAL_UART_ErrorCallback)
    HAL_UART_IRQHandler                      0x08000ed5   Thumb Code   586  stm32f4xx_hal_uart.o(i.HAL_UART_IRQHandler)
    HAL_UART_Init                            0x08001125   Thumb Code   114  stm32f4xx_hal_uart.o(i.HAL_UART_Init)
    HAL_UART_MspInit                         0x08001199   Thumb Code   190  usart.o(i.HAL_UART_MspInit)
    HAL_UART_Receive_IT                      0x08001265   Thumb Code    66  stm32f4xx_hal_uart.o(i.HAL_UART_Receive_IT)
    HAL_UART_RxCpltCallback                  0x080012a9   Thumb Code   134  usart.o(i.HAL_UART_RxCpltCallback)
    HAL_UART_TxCpltCallback                  0x08001345   Thumb Code     2  stm32f4xx_hal_uart.o(i.HAL_UART_TxCpltCallback)
    HardFault_Handler                        0x08001347   Thumb Code     4  stm32f4xx_it.o(i.HardFault_Handler)
    Key1_HasBeenClicked                      0x0800134d   Thumb Code    46  key.o(i.Key1_HasBeenClicked)
    Key2_HasBeenClicked                      0x08001381   Thumb Code    46  key.o(i.Key2_HasBeenClicked)
    Key3_HasBeenClicked                      0x080013b5   Thumb Code    46  key.o(i.Key3_HasBeenClicked)
    Key4_HasBeenClicked                      0x080013e9   Thumb Code    46  key.o(i.Key4_HasBeenClicked)
    MemManage_Handler                        0x0800141d   Thumb Code     4  stm32f4xx_it.o(i.MemManage_Handler)
    NMI_Handler                              0x08001421   Thumb Code     2  stm32f4xx_it.o(i.NMI_Handler)
    OLED_Clear                               0x08001423   Thumb Code    42  oled.o(i.OLED_Clear)
    OLED_I2C_Init                            0x0800144d   Thumb Code    82  oled.o(i.OLED_I2C_Init)
    OLED_I2C_SendByte                        0x080014a9   Thumb Code    80  oled.o(i.OLED_I2C_SendByte)
    OLED_I2C_Start                           0x080014fd   Thumb Code    48  oled.o(i.OLED_I2C_Start)
    OLED_I2C_Stop                            0x08001531   Thumb Code    36  oled.o(i.OLED_I2C_Stop)
    OLED_Init                                0x08001559   Thumb Code   174  oled.o(i.OLED_Init)
    OLED_SetCursor                           0x08001607   Thumb Code    34  oled.o(i.OLED_SetCursor)
    OLED_ShowCharacter                       0x08001629   Thumb Code   110  oled.o(i.OLED_ShowCharacter)
    OLED_ShowString                          0x0800169d   Thumb Code    40  oled.o(i.OLED_ShowString)
    OLED_WriteCommand                        0x080016c5   Thumb Code    32  oled.o(i.OLED_WriteCommand)
    OLED_WriteData                           0x080016e5   Thumb Code    32  oled.o(i.OLED_WriteData)
    PendSV_Handler                           0x08001705   Thumb Code     2  stm32f4xx_it.o(i.PendSV_Handler)
    SVC_Handler                              0x08001707   Thumb Code     2  stm32f4xx_it.o(i.SVC_Handler)
    Show_Cities                              0x08001709   Thumb Code   256  main.o(i.Show_Cities)
    Show_Provinces                           0x0800181d   Thumb Code    94  main.o(i.Show_Provinces)
    SysTick_Handler                          0x08001895   Thumb Code     8  stm32f4xx_it.o(i.SysTick_Handler)
    SystemInit                               0x0800189d   Thumb Code    14  system_stm32f4xx.o(i.SystemInit)
    UART_Start_Receive_IT                    0x08001c05   Thumb Code    70  stm32f4xx_hal_uart.o(i.UART_Start_Receive_IT)
    USART1_IRQHandler                        0x08001cad   Thumb Code    10  usart.o(i.USART1_IRQHandler)
    UsageFault_Handler                       0x08001cbd   Thumb Code     4  stm32f4xx_it.o(i.UsageFault_Handler)
    __scatterload_copy                       0x08001cf9   Thumb Code    14  handlers.o(i.__scatterload_copy)
    __scatterload_null                       0x08001d07   Thumb Code     2  handlers.o(i.__scatterload_null)
    __scatterload_zeroinit                   0x08001d09   Thumb Code    14  handlers.o(i.__scatterload_zeroinit)
    delay_init                               0x08001d19   Thumb Code     6  delay.o(i.delay_init)
    delay_us                                 0x08001d25   Thumb Code    68  delay.o(i.delay_us)
    main                                     0x08001d6d   Thumb Code   234  main.o(i.main)
    sys_stm32_clock_init                     0x08001e69   Thumb Code   208  sys.o(i.sys_stm32_clock_init)
    usart_init                               0x08001f45   Thumb Code    44  usart.o(i.usart_init)
    AHBPrescTable                            0x08001f7c   Data          16  system_stm32f4xx.o(.constdata)
    APBPrescTable                            0x08001f8c   Data           8  system_stm32f4xx.o(.constdata)
    Region$$Table$$Base                      0x08001f94   Number         0  anon$$obj.o(Region$$Table)
    Region$$Table$$Limit                     0x08001fb4   Number         0  anon$$obj.o(Region$$Table)
    CursorRowId                              0x20000000   Data           1  main.o(.data)
    LevelID                                  0x20000001   Data           1  main.o(.data)
    Timer                                    0x20000002   Data           1  main.o(.data)
    SystemCoreClock                          0x20000004   Data           4  system_stm32f4xx.o(.data)
    __stdout                                 0x2000000c   Data           4  usart.o(.data)
    g_usart_rx_sta                           0x20000010   Data           2  usart.o(.data)
    g_rx_buffer                              0x20000012   Data           1  usart.o(.data)
    uwTick                                   0x20000014   Data           4  stm32f4xx_hal.o(.data)
    uwTickPrio                               0x20000018   Data           4  stm32f4xx_hal.o(.data)
    uwTickFreq                               0x2000001c   Data           1  stm32f4xx_hal.o(.data)
    OLED_F8x16                               0x2000001d   Data        1520  oled.o(.data)
    g_usart_rx_buf                           0x20000610   Data         200  usart.o(.bss)
    g_uart1_handle                           0x200006d8   Data          68  usart.o(.bss)
    __initial_sp                             0x20000b20   Data           0  startup_stm32f407xx.o(STACK)



==============================================================================

Memory Map of the image

  Image Entry point : 0x08000189

  Load Region LR_IROM1 (Base: 0x08000000, Size: 0x000025c4, Max: 0x00100000, ABSOLUTE, COMPRESSED[0x00002330])

    Execution Region ER_IROM1 (Exec base: 0x08000000, Load base: 0x08000000, Size: 0x00001fb4, Max: 0x00100000, ABSOLUTE)

    Exec Addr    Load Addr    Size         Type   Attr      Idx    E Section Name        Object

    0x08000000   0x08000000   0x00000188   Data   RO            3    RESET               startup_stm32f407xx.o
    0x08000188   0x08000188   0x00000000   Code   RO         2444  * .ARM.Collect$$$$00000000  mc_w.l(entry.o)
    0x08000188   0x08000188   0x00000004   Code   RO         2451    .ARM.Collect$$$$00000001  mc_w.l(entry2.o)
    0x0800018c   0x0800018c   0x00000004   Code   RO         2454    .ARM.Collect$$$$00000004  mc_w.l(entry5.o)
    0x08000190   0x08000190   0x00000000   Code   RO         2456    .ARM.Collect$$$$00000008  mc_w.l(entry7b.o)
    0x08000190   0x08000190   0x00000000   Code   RO         2458    .ARM.Collect$$$$0000000A  mc_w.l(entry8b.o)
    0x08000190   0x08000190   0x00000008   Code   RO         2459    .ARM.Collect$$$$0000000B  mc_w.l(entry9a.o)
    0x08000198   0x08000198   0x00000004   Code   RO         2466    .ARM.Collect$$$$0000000E  mc_w.l(entry12b.o)
    0x0800019c   0x0800019c   0x00000000   Code   RO         2461    .ARM.Collect$$$$0000000F  mc_w.l(entry10a.o)
    0x0800019c   0x0800019c   0x00000000   Code   RO         2463    .ARM.Collect$$$$00000011  mc_w.l(entry11a.o)
    0x0800019c   0x0800019c   0x00000004   Code   RO         2452    .ARM.Collect$$$$00002712  mc_w.l(entry2.o)
    0x080001a0   0x080001a0   0x00000034   Code   RO            4    .text               startup_stm32f407xx.o
    0x080001d4   0x080001d4   0x00000062   Code   RO         2447    .text               mc_w.l(uldiv.o)
    0x08000236   0x08000236   0x00000024   Code   RO         2449    .text               mc_w.l(memseta.o)
    0x0800025a   0x0800025a   0x0000001e   Code   RO         2467    .text               mc_w.l(llshl.o)
    0x08000278   0x08000278   0x00000020   Code   RO         2469    .text               mc_w.l(llushr.o)
    0x08000298   0x08000298   0x00000024   Code   RO         2471    .text               mc_w.l(init.o)
    0x080002bc   0x080002bc   0x00000056   Code   RO         2481    .text               mc_w.l(__dczerorl2.o)
    0x08000312   0x08000312   0x00000004   Code   RO          277    i.BusFault_Handler  stm32f4xx_it.o
    0x08000316   0x08000316   0x00000002   Code   RO          278    i.DebugMon_Handler  stm32f4xx_it.o
    0x08000318   0x08000318   0x000000aa   Code   RO          912    i.HAL_DMA_Abort     stm32f4xx_hal_dma.o
    0x080003c2   0x080003c2   0x00000028   Code   RO          913    i.HAL_DMA_Abort_IT  stm32f4xx_hal_dma.o
    0x080003ea   0x080003ea   0x00000002   PAD
    0x080003ec   0x080003ec   0x00000204   Code   RO         1059    i.HAL_GPIO_Init     stm32f4xx_hal_gpio.o
    0x080005f0   0x080005f0   0x00000010   Code   RO         1061    i.HAL_GPIO_ReadPin  stm32f4xx_hal_gpio.o
    0x08000600   0x08000600   0x0000000c   Code   RO         1063    i.HAL_GPIO_WritePin  stm32f4xx_hal_gpio.o
    0x0800060c   0x0800060c   0x0000000c   Code   RO          595    i.HAL_GetREVID      stm32f4xx_hal.o
    0x08000618   0x08000618   0x0000000c   Code   RO          596    i.HAL_GetTick       stm32f4xx_hal.o
    0x08000624   0x08000624   0x00000018   Code   RO          602    i.HAL_IncTick       stm32f4xx_hal.o
    0x0800063c   0x0800063c   0x00000030   Code   RO          603    i.HAL_Init          stm32f4xx_hal.o
    0x0800066c   0x0800066c   0x0000004c   Code   RO          604    i.HAL_InitTick      stm32f4xx_hal.o
    0x080006b8   0x080006b8   0x00000002   Code   RO          606    i.HAL_MspInit       stm32f4xx_hal.o
    0x080006ba   0x080006ba   0x00000020   Code   RO          774    i.HAL_NVIC_EnableIRQ  stm32f4xx_hal_cortex.o
    0x080006da   0x080006da   0x0000007c   Code   RO          780    i.HAL_NVIC_SetPriority  stm32f4xx_hal_cortex.o
    0x08000756   0x08000756   0x00000002   PAD
    0x08000758   0x08000758   0x00000028   Code   RO          781    i.HAL_NVIC_SetPriorityGrouping  stm32f4xx_hal_cortex.o
    0x08000780   0x08000780   0x00000184   Code   RO         1297    i.HAL_RCC_ClockConfig  stm32f4xx_hal_rcc.o
    0x08000904   0x08000904   0x0000000c   Code   RO         1302    i.HAL_RCC_GetHCLKFreq  stm32f4xx_hal_rcc.o
    0x08000910   0x08000910   0x00000020   Code   RO         1304    i.HAL_RCC_GetPCLK1Freq  stm32f4xx_hal_rcc.o
    0x08000930   0x08000930   0x00000020   Code   RO         1305    i.HAL_RCC_GetPCLK2Freq  stm32f4xx_hal_rcc.o
    0x08000950   0x08000950   0x000000b0   Code   RO         1306    i.HAL_RCC_GetSysClockFreq  stm32f4xx_hal_rcc.o
    0x08000a00   0x08000a00   0x0000049c   Code   RO         1309    i.HAL_RCC_OscConfig  stm32f4xx_hal_rcc.o
    0x08000e9c   0x08000e9c   0x00000034   Code   RO          785    i.HAL_SYSTICK_Config  stm32f4xx_hal_cortex.o
    0x08000ed0   0x08000ed0   0x00000002   Code   RO         1729    i.HAL_UARTEx_RxEventCallback  stm32f4xx_hal_uart.o
    0x08000ed2   0x08000ed2   0x00000002   Code   RO         1743    i.HAL_UART_ErrorCallback  stm32f4xx_hal_uart.o
    0x08000ed4   0x08000ed4   0x00000250   Code   RO         1746    i.HAL_UART_IRQHandler  stm32f4xx_hal_uart.o
    0x08001124   0x08001124   0x00000072   Code   RO         1747    i.HAL_UART_Init     stm32f4xx_hal_uart.o
    0x08001196   0x08001196   0x00000002   PAD
    0x08001198   0x08001198   0x000000cc   Code   RO          506    i.HAL_UART_MspInit  usart.o
    0x08001264   0x08001264   0x00000042   Code   RO         1752    i.HAL_UART_Receive_IT  stm32f4xx_hal_uart.o
    0x080012a6   0x080012a6   0x00000002   PAD
    0x080012a8   0x080012a8   0x0000009c   Code   RO          507    i.HAL_UART_RxCpltCallback  usart.o
    0x08001344   0x08001344   0x00000002   Code   RO         1758    i.HAL_UART_TxCpltCallback  stm32f4xx_hal_uart.o
    0x08001346   0x08001346   0x00000004   Code   RO          279    i.HardFault_Handler  stm32f4xx_it.o
    0x0800134a   0x0800134a   0x00000002   PAD
    0x0800134c   0x0800134c   0x00000034   Code   RO         2109    i.Key1_HasBeenClicked  key.o
    0x08001380   0x08001380   0x00000034   Code   RO         2110    i.Key2_HasBeenClicked  key.o
    0x080013b4   0x080013b4   0x00000034   Code   RO         2111    i.Key3_HasBeenClicked  key.o
    0x080013e8   0x080013e8   0x00000034   Code   RO         2112    i.Key4_HasBeenClicked  key.o
    0x0800141c   0x0800141c   0x00000004   Code   RO          280    i.MemManage_Handler  stm32f4xx_it.o
    0x08001420   0x08001420   0x00000002   Code   RO          281    i.NMI_Handler       stm32f4xx_it.o
    0x08001422   0x08001422   0x0000002a   Code   RO         2315    i.OLED_Clear        oled.o
    0x0800144c   0x0800144c   0x0000005c   Code   RO         2316    i.OLED_I2C_Init     oled.o
    0x080014a8   0x080014a8   0x00000054   Code   RO         2317    i.OLED_I2C_SendByte  oled.o
    0x080014fc   0x080014fc   0x00000034   Code   RO         2318    i.OLED_I2C_Start    oled.o
    0x08001530   0x08001530   0x00000028   Code   RO         2319    i.OLED_I2C_Stop     oled.o
    0x08001558   0x08001558   0x000000ae   Code   RO         2320    i.OLED_Init         oled.o
    0x08001606   0x08001606   0x00000022   Code   RO         2322    i.OLED_SetCursor    oled.o
    0x08001628   0x08001628   0x00000074   Code   RO         2324    i.OLED_ShowCharacter  oled.o
    0x0800169c   0x0800169c   0x00000028   Code   RO         2329    i.OLED_ShowString   oled.o
    0x080016c4   0x080016c4   0x00000020   Code   RO         2331    i.OLED_WriteCommand  oled.o
    0x080016e4   0x080016e4   0x00000020   Code   RO         2332    i.OLED_WriteData    oled.o
    0x08001704   0x08001704   0x00000002   Code   RO          282    i.PendSV_Handler    stm32f4xx_it.o
    0x08001706   0x08001706   0x00000002   Code   RO          283    i.SVC_Handler       stm32f4xx_it.o
    0x08001708   0x08001708   0x00000114   Code   RO           13    i.Show_Cities       main.o
    0x0800181c   0x0800181c   0x00000078   Code   RO           14    i.Show_Provinces    main.o
    0x08001894   0x08001894   0x00000008   Code   RO          284    i.SysTick_Handler   stm32f4xx_it.o
    0x0800189c   0x0800189c   0x00000014   Code   RO          353    i.SystemInit        system_stm32f4xx.o
    0x080018b0   0x080018b0   0x00000014   Code   RO         1760    i.UART_DMAAbortOnError  stm32f4xx_hal_uart.o
    0x080018c4   0x080018c4   0x00000036   Code   RO         1770    i.UART_EndRxTransfer  stm32f4xx_hal_uart.o
    0x080018fa   0x080018fa   0x00000020   Code   RO         1771    i.UART_EndTransmit_IT  stm32f4xx_hal_uart.o
    0x0800191a   0x0800191a   0x000000be   Code   RO         1773    i.UART_Receive_IT   stm32f4xx_hal_uart.o
    0x080019d8   0x080019d8   0x0000022c   Code   RO         1774    i.UART_SetConfig    stm32f4xx_hal_uart.o
    0x08001c04   0x08001c04   0x00000046   Code   RO         1776    i.UART_Start_Receive_IT  stm32f4xx_hal_uart.o
    0x08001c4a   0x08001c4a   0x00000060   Code   RO         1777    i.UART_Transmit_IT  stm32f4xx_hal_uart.o
    0x08001caa   0x08001caa   0x00000002   PAD
    0x08001cac   0x08001cac   0x00000010   Code   RO          508    i.USART1_IRQHandler  usart.o
    0x08001cbc   0x08001cbc   0x00000004   Code   RO          285    i.UsageFault_Handler  stm32f4xx_it.o
    0x08001cc0   0x08001cc0   0x00000010   Code   RO          787    i.__NVIC_GetPriorityGrouping  stm32f4xx_hal_cortex.o
    0x08001cd0   0x08001cd0   0x00000028   Code   RO          788    i.__NVIC_SetPriority  stm32f4xx_hal_cortex.o
    0x08001cf8   0x08001cf8   0x0000000e   Code   RO         2475    i.__scatterload_copy  mc_w.l(handlers.o)
    0x08001d06   0x08001d06   0x00000002   Code   RO         2476    i.__scatterload_null  mc_w.l(handlers.o)
    0x08001d08   0x08001d08   0x0000000e   Code   RO         2477    i.__scatterload_zeroinit  mc_w.l(handlers.o)
    0x08001d16   0x08001d16   0x00000002   PAD
    0x08001d18   0x08001d18   0x0000000c   Code   RO          390    i.delay_init        delay.o
    0x08001d24   0x08001d24   0x00000048   Code   RO          392    i.delay_us          delay.o
    0x08001d6c   0x08001d6c   0x000000fc   Code   RO           15    i.main              main.o
    0x08001e68   0x08001e68   0x000000dc   Code   RO          439    i.sys_stm32_clock_init  sys.o
    0x08001f44   0x08001f44   0x00000038   Code   RO          513    i.usart_init        usart.o
    0x08001f7c   0x08001f7c   0x00000018   Data   RO          354    .constdata          system_stm32f4xx.o
    0x08001f94   0x08001f94   0x00000020   Data   RO         2473    Region$$Table       anon$$obj.o


    Execution Region RW_IRAM1 (Exec base: 0x20000000, Load base: 0x08001fb4, Size: 0x00000b20, Max: 0x00020000, ABSOLUTE, COMPRESSED[0x0000037c])

    Exec Addr    Load Addr    Size         Type   Attr      Idx    E Section Name        Object

    0x20000000   COMPRESSED   0x00000003   Data   RW           16    .data               main.o
    0x20000003   COMPRESSED   0x00000001   PAD
    0x20000004   COMPRESSED   0x00000004   Data   RW          355    .data               system_stm32f4xx.o
    0x20000008   COMPRESSED   0x00000004   Data   RW          393    .data               delay.o
    0x2000000c   COMPRESSED   0x00000007   Data   RW          515    .data               usart.o
    0x20000013   COMPRESSED   0x00000001   PAD
    0x20000014   COMPRESSED   0x00000009   Data   RW          610    .data               stm32f4xx_hal.o
    0x2000001d   COMPRESSED   0x000005f0   Data   RW         2333    .data               oled.o
    0x2000060d   COMPRESSED   0x00000003   PAD
    0x20000610        -       0x0000010c   Zero   RW          514    .bss                usart.o
    0x2000071c   COMPRESSED   0x00000004   PAD
    0x20000720        -       0x00000400   Zero   RW            1    STACK               startup_stm32f407xx.o


==============================================================================

Image component sizes


      Code (inc. data)   RO Data    RW Data    ZI Data      Debug   Object Name

        84         10          0          4          0       1408   delay.o
       208         24          0          0          0       2296   key.o
       648         64          0          3          0     657666   main.o
       738         28          0       1520          0       7356   oled.o
        52         14        392          0       1024        976   startup_stm32f407xx.o
       174         34          0          9          0       9962   stm32f4xx_hal.o
       304         22          0          0          0      34635   stm32f4xx_hal_cortex.o
       210          0          0          0          0       2011   stm32f4xx_hal_dma.o
       544         46          0          0          0       2855   stm32f4xx_hal_gpio.o
      1820         84          0          0          0       5756   stm32f4xx_hal_rcc.o
      1796         16          0          0          0      10056   stm32f4xx_hal_uart.o
        32          0          0          0          0       4310   stm32f4xx_it.o
       220         12          0          0          0       1351   sys.o
        20          6         24          4          0       1235   system_stm32f4xx.o
       432         54          0          7        268       4621   usart.o

    ----------------------------------------------------------------------
      7294        414        448       1552       1296     746494   Object Totals
         0          0         32          0          0          0   (incl. Generated)
        12          0          0          5          4          0   (incl. Padding)

    ----------------------------------------------------------------------

      Code (inc. data)   RO Data    RW Data    ZI Data      Debug   Library Member Name

        86          0          0          0          0          0   __dczerorl2.o
         0          0          0          0          0          0   entry.o
         0          0          0          0          0          0   entry10a.o
         0          0          0          0          0          0   entry11a.o
         4          0          0          0          0          0   entry12b.o
         8          4          0          0          0          0   entry2.o
         4          0          0          0          0          0   entry5.o
         0          0          0          0          0          0   entry7b.o
         0          0          0          0          0          0   entry8b.o
         8          4          0          0          0          0   entry9a.o
        30          0          0          0          0          0   handlers.o
        36          8          0          0          0         68   init.o
        30          0          0          0          0         68   llshl.o
        32          0          0          0          0         68   llushr.o
        36          0          0          0          0        108   memseta.o
        98          0          0          0          0         92   uldiv.o

    ----------------------------------------------------------------------
       374         16          0          0          0        404   Library Totals
         2          0          0          0          0          0   (incl. Padding)

    ----------------------------------------------------------------------

      Code (inc. data)   RO Data    RW Data    ZI Data      Debug   Library Name

       372         16          0          0          0        404   mc_w.l

    ----------------------------------------------------------------------
       374         16          0          0          0        404   Library Totals

    ----------------------------------------------------------------------

==============================================================================


      Code (inc. data)   RO Data    RW Data    ZI Data      Debug   

      7668        430        448       1552       1296     740578   Grand Totals
      7668        430        448        892       1296     740578   ELF Image Totals (compressed)
      7668        430        448        892          0          0   ROM Totals

==============================================================================

    Total RO  Size (Code + RO Data)                 8116 (   7.93kB)
    Total RW  Size (RW Data + ZI Data)              2848 (   2.78kB)
    Total ROM Size (Code + RO Data + RW Data)       9008 (   8.80kB)

==============================================================================

